// Jest Snapshot v1, https://goo.gl/fbAQLP

exports[`Entry - External Links view should render 1`] = `
<DocumentFragment>
  <div
    id="External Links"
  >
    <div
      class="card"
    >
      <section>
        <div
          class="card__header"
        >
          <h2
            class="card__title"
          >
            External Links
          </h2>
        </div>
        <div
          class="card__content"
        >
          <h3>
            Web resources
          </h3>
          <ul
            class="expandable-list no-bullet"
          >
            <li>
              <a
                class="external-link"
                href="resource URL"
                rel="noopener"
                target="_blank"
              >
                resource name (Note text)
                <svg
                  fill="none"
                  viewBox="0 0 16 16"
                  width="12.5"
                >
                  <path
                    d="M16 0h-6v2h3.071L7 8.071l1.414 1.414L14 3.9V6h2V0z"
                    fill="currentColor"
                  />
                  <path
                    d="M7 2H0v14h14V9h-2v5H2V4h5V2z"
                    fill="currentColor"
                  />
                </svg>
              </a>
            </li>
          </ul>
          <h3>
            Enzyme and pathway databases
          </h3>
          <div
            class="info-list info-list--columns"
          >
            <div
              class="info-list__item"
            >
              <div
                class="info-list__title"
              >
                <h5
                  class="bold"
                >
                  ENZYME
                </h5>
              </div>
              <div
                class="info-list__content"
              >
                <ul
                  class="expandable-list no-bullet"
                >
                  <li>
                    <a
                      class="external-link"
                      href="https://enzyme.expasy.org/EC/1.2.3.4"
                      rel="noopener"
                      target="_blank"
                    >
                      Search...
                      <svg
                        fill="none"
                        viewBox="0 0 16 16"
                        width="12.5"
                      >
                        <path
                          d="M16 0h-6v2h3.071L7 8.071l1.414 1.414L14 3.9V6h2V0z"
                          fill="currentColor"
                        />
                        <path
                          d="M7 2H0v14h14V9h-2v5H2V4h5V2z"
                          fill="currentColor"
                        />
                      </svg>
                    </a>
                      
                  </li>
                </ul>
              </div>
            </div>
          </div>
          <h3>
            Family and domain databases
          </h3>
          <div
            class="info-list info-list--columns"
          >
            <div
              class="info-list__item"
            >
              <div
                class="info-list__title"
              >
                <h5
                  class="bold"
                >
                  MobiDB
                </h5>
              </div>
              <div
                class="info-list__content"
              >
                <ul
                  class="expandable-list no-bullet"
                >
                  <li>
                    <a
                      class="external-link"
                      href="http://mobidb.bio.unipd.it/entries/P21802"
                      rel="noopener"
                      target="_blank"
                    >
                      Search...
                      <svg
                        fill="none"
                        viewBox="0 0 16 16"
                        width="12.5"
                      >
                        <path
                          d="M16 0h-6v2h3.071L7 8.071l1.414 1.414L14 3.9V6h2V0z"
                          fill="currentColor"
                        />
                        <path
                          d="M7 2H0v14h14V9h-2v5H2V4h5V2z"
                          fill="currentColor"
                        />
                      </svg>
                    </a>
                      
                  </li>
                </ul>
              </div>
            </div>
            <div
              class="info-list__item"
            >
              <div
                class="info-list__title"
              >
                <h5
                  class="bold"
                >
                  ProtoNet
                </h5>
              </div>
              <div
                class="info-list__content"
              >
                <ul
                  class="expandable-list no-bullet"
                >
                  <li>
                    <a
                      class="external-link"
                      href="http://www.protonet.cs.huji.ac.il/sp.php?prot=P21802"
                      rel="noopener"
                      target="_blank"
                    >
                      Search...
                      <svg
                        fill="none"
                        viewBox="0 0 16 16"
                        width="12.5"
                      >
                        <path
                          d="M16 0h-6v2h3.071L7 8.071l1.414 1.414L14 3.9V6h2V0z"
                          fill="currentColor"
                        />
                        <path
                          d="M7 2H0v14h14V9h-2v5H2V4h5V2z"
                          fill="currentColor"
                        />
                      </svg>
                    </a>
                      
                  </li>
                </ul>
              </div>
            </div>
          </div>
          <h3>
            Genome annotation databases
          </h3>
          <div
            class="info-list info-list--columns"
          >
            <div
              class="info-list__item"
            >
              <div
                class="info-list__title"
              >
                <h5
                  class="bold"
                >
                  Ensembl
                </h5>
              </div>
              <div
                class="info-list__content"
              >
                <ul
                  class="expandable-list no-bullet"
                >
                  <li>
                    <a
                      class="external-link"
                      href="https://www.ensembl.org/id/id value"
                      rel="noopener"
                      target="_blank"
                    >
                      id value
                      <svg
                        fill="none"
                        viewBox="0 0 16 16"
                        width="12.5"
                      >
                        <path
                          d="M16 0h-6v2h3.071L7 8.071l1.414 1.414L14 3.9V6h2V0z"
                          fill="currentColor"
                        />
                        <path
                          d="M7 2H0v14h14V9h-2v5H2V4h5V2z"
                          fill="currentColor"
                        />
                      </svg>
                    </a>
                     
                    <a
                      class="external-link"
                      href="https://www.ensembl.org/id/description value"
                      rel="noopener"
                      target="_blank"
                    >
                      description value
                      <svg
                        fill="none"
                        viewBox="0 0 16 16"
                        width="12.5"
                      >
                        <path
                          d="M16 0h-6v2h3.071L7 8.071l1.414 1.414L14 3.9V6h2V0z"
                          fill="currentColor"
                        />
                        <path
                          d="M7 2H0v14h14V9h-2v5H2V4h5V2z"
                          fill="currentColor"
                        />
                      </svg>
                    </a>
                     [
                    <a
                      href="#Q9NXB0-1"
                    >
                      Q9NXB0-1
                    </a>
                    ]
                  </li>
                </ul>
              </div>
            </div>
          </div>
          <h3>
            3D structure databases
          </h3>
          <div
            class="info-list info-list--columns"
          >
            <div
              class="info-list__item"
            >
              <div
                class="info-list__title"
              >
                <h5
                  class="bold"
                >
                  ModBase
                </h5>
              </div>
              <div
                class="info-list__content"
              >
                <ul
                  class="expandable-list no-bullet"
                >
                  <li>
                    <a
                      class="external-link"
                      href="http://salilab.org/modbase-cgi/model_search.cgi?searchkw=name&kword=P21802"
                      rel="noopener"
                      target="_blank"
                    >
                      Search...
                      <svg
                        fill="none"
                        viewBox="0 0 16 16"
                        width="12.5"
                      >
                        <path
                          d="M16 0h-6v2h3.071L7 8.071l1.414 1.414L14 3.9V6h2V0z"
                          fill="currentColor"
                        />
                        <path
                          d="M7 2H0v14h14V9h-2v5H2V4h5V2z"
                          fill="currentColor"
                        />
                      </svg>
                    </a>
                      
                  </li>
                </ul>
              </div>
            </div>
            <div
              class="info-list__item"
            >
              <div
                class="info-list__title"
              >
                <h5
                  class="bold"
                >
                  SWISS-MODEL-Workspace
                </h5>
              </div>
              <div
                class="info-list__content"
              >
                <ul
                  class="expandable-list no-bullet"
                >
                  <li>
                    <a
                      class="external-link"
                      href="https://swissmodel.expasy.org/interactive/?ac=P21802"
                      rel="noopener"
                      target="_blank"
                    >
                      Submit a new modelling project...
                      <svg
                        fill="none"
                        viewBox="0 0 16 16"
                        width="12.5"
                      >
                        <path
                          d="M16 0h-6v2h3.071L7 8.071l1.414 1.414L14 3.9V6h2V0z"
                          fill="currentColor"
                        />
                        <path
                          d="M7 2H0v14h14V9h-2v5H2V4h5V2z"
                          fill="currentColor"
                        />
                      </svg>
                    </a>
                      
                  </li>
                </ul>
              </div>
            </div>
          </div>
        </div>
      </section>
    </div>
  </div>
</DocumentFragment>
`;
