// Jest Snapshot v1, https://goo.gl/fbAQLP

exports[`EntryPublication facets tests should render 1`] = `
<DocumentFragment>
  <div>
    <div
      class="facets"
    >
      <ul
        class="no-bullet"
      >
        <li>
          <div
            class="facet-name"
          >
            Study type
          </div>
          <ul
            class="expandable-list no-bullet"
          >
            <li>
              <a
                href="/?facets=study_type%3Asmall_scale"
              >
                Small scale (239)
              </a>
            </li>
            <li>
              <a
                href="/?facets=study_type%3Alarge_scale"
              >
                Large scale (8)
              </a>
            </li>
          </ul>
        </li>
      </ul>
    </div>
  </div>
</DocumentFragment>
`;
