// Jest Snapshot v1, https://goo.gl/fbAQLP

exports[`UniProtKBEntryPublications Should render 1`] = `
<DocumentFragment>
  <section
    class="publication"
  >
    <section
      class="publication__columns"
    >
      <section
        class="publication__columns__main"
      >
        <h5>
          Leo book tittle
        </h5>
        <section
          class="publication__authors"
        >
          <a
            href="/"
          >
            author Leo
          </a>
        </section>
      </section>
      <section
        class="publication__columns__side"
      >
        <section
          class="publication__columns__side__item"
        >
          <ul
            class="no-bullet"
          >
            <li>
              <small />
            </li>
          </ul>
        </section>
        <section
          class="publication__columns__side__item"
        >
          <section
            class="publication__statistics"
          />
        </section>
      </section>
    </section>
  </section>
  <section
    class="publication"
  >
    <section
      class="publication__columns"
    >
      <section
        class="publication__columns__main"
      >
        <h5>
          Leo book tittle
        </h5>
        <section
          class="publication__authors"
        >
          <a
            href="/"
          >
            author Leo
          </a>
        </section>
      </section>
      <section
        class="publication__columns__side"
      >
        <section
          class="publication__columns__side__item"
        >
          <ul
            class="no-bullet"
          >
            <li>
              <small />
            </li>
          </ul>
        </section>
        <section
          class="publication__columns__side__item"
        >
          <section
            class="publication__statistics"
          />
        </section>
      </section>
    </section>
  </section>
  <section
    class="publication"
  >
    <section
      class="publication__columns"
    >
      <section
        class="publication__columns__main"
      >
        <h5>
          Leo book tittle
        </h5>
        <section
          class="publication__authors"
        >
          <a
            href="/"
          >
            author Leo
          </a>
        </section>
      </section>
      <section
        class="publication__columns__side"
      >
        <section
          class="publication__columns__side__item"
        >
          <ul
            class="no-bullet"
          >
            <li>
              <small />
            </li>
          </ul>
        </section>
        <section
          class="publication__columns__side__item"
        >
          <section
            class="publication__statistics"
          />
        </section>
      </section>
    </section>
  </section>
  <section
    class="publication"
  >
    <section
      class="publication__columns"
    >
      <section
        class="publication__columns__main"
      >
        <h5>
          Leo book tittle
        </h5>
        <section
          class="publication__authors"
        >
          <a
            href="/"
          >
            author Leo
          </a>
        </section>
      </section>
      <section
        class="publication__columns__side"
      >
        <section
          class="publication__columns__side__item"
        >
          <ul
            class="no-bullet"
          >
            <li>
              <small />
            </li>
          </ul>
        </section>
        <section
          class="publication__columns__side__item"
        >
          <section
            class="publication__statistics"
          />
        </section>
      </section>
    </section>
  </section>
  <section
    class="publication"
  >
    <section
      class="publication__columns"
    >
      <section
        class="publication__columns__main"
      >
        <h5>
          Leo book tittle
        </h5>
        <section
          class="publication__authors"
        >
          <a
            href="/"
          >
            author Leo
          </a>
        </section>
      </section>
      <section
        class="publication__columns__side"
      >
        <section
          class="publication__columns__side__item"
        >
          <ul
            class="no-bullet"
          >
            <li>
              <small />
            </li>
          </ul>
        </section>
        <section
          class="publication__columns__side__item"
        >
          <section
            class="publication__statistics"
          />
        </section>
      </section>
    </section>
  </section>
  <section
    class="publication"
  >
    <section
      class="publication__columns"
    >
      <section
        class="publication__columns__main"
      >
        <h5>
          Leo book tittle
        </h5>
        <section
          class="publication__authors"
        >
          <a
            href="/"
          >
            author Leo
          </a>
        </section>
      </section>
      <section
        class="publication__columns__side"
      >
        <section
          class="publication__columns__side__item"
        >
          <ul
            class="no-bullet"
          >
            <li>
              <small />
            </li>
          </ul>
        </section>
        <section
          class="publication__columns__side__item"
        >
          <section
            class="publication__statistics"
          />
        </section>
      </section>
    </section>
  </section>
  <section
    class="publication"
  >
    <section
      class="publication__columns"
    >
      <section
        class="publication__columns__main"
      >
        <h5>
          Leo book tittle
        </h5>
        <section
          class="publication__authors"
        >
          <a
            href="/"
          >
            author Leo
          </a>
        </section>
      </section>
      <section
        class="publication__columns__side"
      >
        <section
          class="publication__columns__side__item"
        >
          <ul
            class="no-bullet"
          >
            <li>
              <small />
            </li>
          </ul>
        </section>
        <section
          class="publication__columns__side__item"
        >
          <section
            class="publication__statistics"
          />
        </section>
      </section>
    </section>
  </section>
</DocumentFragment>
`;
