// Jest Snapshot v1, https://goo.gl/fbAQLP

exports[`ClauseList component should render 1`] = `
"<Fragment>
  <div className=\\"advanced-search__clause\\">
    <LogicalOperator value=\\"AND\\" handleChange={[Function: handleChange]} />
    <n data={{...}} onSelect={[Function: onSelect]} autocompletePlaceholder=\\"Search for field\\" value={{...}} autocomplete={true} autocompleteFilter={true} />
    <Field field={{...}} handleInputChange={[Function: handleInputChange]} handleRangeInputChange={[Function: handleRangeInputChange]} queryInput={{...}} />
    <button type=\\"button\\" className=\\"button-remove\\" onClick={[Function: onClick]}>
      Remove
    </button>
  </div>
</Fragment>"
`;
