// Jest Snapshot v1, https://goo.gl/fbAQLP

exports[`LogicalOperator component should render 1`] = `
"<select className=\\"advanced-search__logic\\" value=\\"AND\\" onChange={[Function: onChange]}>
  <option value=\\"AND\\">
    AND
  </option>
  <option value=\\"OR\\">
    OR
  </option>
  <option value=\\"NOT\\">
    NOT
  </option>
</select>"
`;
