// Jest Snapshot v1, https://goo.gl/fbAQLP

exports[`Search shallow components should render 1`] = `
<DocumentFragment>
  <form
    class="main-search"
    data-testid="main-search-form"
  >
    <div
      class="dropdown-container"
    >
      <button
        class="button dropdown "
        type="button"
      >
        UniProtKB
      </button>
      <div
        class="dropdown-menu"
        style="top: 0px;"
      >
        <ul>
          <li>
            <button
              type="button"
            >
              UniProtKB - the UniProt knowledgebase
            </button>
          </li>
          <li>
            <button
              type="button"
            >
              UniRef
            </button>
          </li>
          <li>
            <button
              type="button"
            >
              UniParc
            </button>
          </li>
          <li>
            <button
              type="button"
            >
              Proteomes
            </button>
          </li>
          <li>
            <button
              type="button"
            >
              Publications
            </button>
          </li>
          <li>
            <button
              type="button"
            >
              Keywords
            </button>
          </li>
        </ul>
      </div>
    </div>
    <input
      class="main-search__input"
      data-testid="main-search-input"
      type="text"
      value=""
    />
    <button
      class="button"
      type="submit"
    >
      Search
    </button>
  </form>
</DocumentFragment>
`;
