// Jest Snapshot v1, https://goo.gl/fbAQLP

exports[`FreeText component should render free text CC 1`] = `
<DocumentFragment>
  <h4
    style="text-transform: capitalize;"
  >
    function
  </h4>
  <p>
    Lorem ipsum dolor sit amet, consectetur adipiscing elit, sed do eiusmod tempor incididunt ut labore et dolore magna aliqua. Ut enim ad minim veniam, quis nostrud exercitation ullamco laboris nisi ut aliquip ex ea commodo consequat. Duis aute irure dolor in reprehenderit in voluptate velit esse cillum dolore eu fugiat nulla pariatur. Excepteur sint occaecat cupidatat non proident, sunt in culpa qui officia deserunt mollit anim id est laborum.
    <span
      class="evidence-tag evidence-tag--unreviewed"
    >
      <svg
        height="10"
        viewBox="0 0 512 512"
        width="10"
        xmlns="http://www.w3.org/2000/svg"
      >
        <title>
          tag
        </title>
        <path
          d="M0 252.118V48C0 21.49 21.49 0 48 0h204.118a48 48 0 0 1 33.941 14.059l211.882 211.882c18.745 18.745 18.745 49.137 0 67.882L293.823 497.941c-18.745 18.745-49.137 18.745-67.882 0L14.059 286.059A48 48 0 0 1 0 252.118zM112 64c-26.51 0-48 21.49-48 48s21.49 48 48 48 48-21.49 48-48-21.49-48-48-48z"
          fill="#000"
          fill-rule="nonzero"
        />
      </svg>
      <span
        class="evidence-tag__label"
        title=""
      />
    </span>
  </p>
</DocumentFragment>
`;
