// Jest Snapshot v1, https://goo.gl/fbAQLP

exports[`GeneNames should render gene_names 1`] = `
<DocumentFragment>
  <div
    class="info-list"
  >
    <div
      class="info-list__item"
    >
      <div
        class="info-list__item__title"
      >
        Name
      </div>
      <div
        class="info-list__item__content"
      >
        some Gene
      </div>
    </div>
    <div
      class="info-list__item"
    >
      <div
        class="info-list__item__title"
      >
        Synonyms
      </div>
      <div
        class="info-list__item__content"
      >
        some Syn
      </div>
    </div>
    <div
      class="info-list__item"
    >
      <div
        class="info-list__item__title"
      >
        ORF names
      </div>
      <div
        class="info-list__item__content"
      >
        some orf
      </div>
    </div>
    <div
      class="info-list__item"
    >
      <div
        class="info-list__item__title"
      >
        Ordered locus names
      </div>
      <div
        class="info-list__item__content"
      >
        some locus
      </div>
    </div>
  </div>
</DocumentFragment>
`;
