// Jest Snapshot v1, https://goo.gl/fbAQLP

exports[`GeneNames should render gene_names 1`] = `
<DocumentFragment>
  <div
    class="info-list"
  >
    <div
      class="info-list__item"
    >
      <div
        class="info-list__item__title"
      >
        <h5
          class="bold"
        >
          Name
        </h5>
      </div>
      <div
        class="info-list__item__content"
      >
        some Gene 
        <span
          class="evidence-tag svg-colour-unreviewed"
          data-testid="evidence-tag-trigger"
          role="button"
          tabindex="0"
        >
          <svg
            fill="none"
            height="12"
            viewBox="0 0 10 15"
            width="12"
          >
            <path
              clip-rule="evenodd"
              d="M10 0H0v15h.051L5 10l4.949 5H10V0z"
              fill="#4E5A71"
              fill-rule="evenodd"
            />
          </svg>
          <span
            class="evidence-tag__label"
            title=""
          >
            1 automatic annotation
          </span>
        </span>
        <div
          class="evidence-tag-content "
          data-testid="evidence-tag-content"
        >
          <div>
            <h5>
              Automatic assertion according to rules
            </h5>
          </div>
        </div>
      </div>
    </div>
    <div
      class="info-list__item"
    >
      <div
        class="info-list__item__title"
      >
        <h5
          class="bold"
        >
          Synonyms
        </h5>
      </div>
      <div
        class="info-list__item__content"
      >
        some Syn 
        <span
          class="evidence-tag svg-colour-unreviewed"
          data-testid="evidence-tag-trigger"
          role="button"
          tabindex="0"
        >
          <svg
            fill="none"
            height="12"
            viewBox="0 0 10 15"
            width="12"
          >
            <path
              clip-rule="evenodd"
              d="M10 0H0v15h.051L5 10l4.949 5H10V0z"
              fill="#4E5A71"
              fill-rule="evenodd"
            />
          </svg>
          <span
            class="evidence-tag__label"
            title=""
          >
            1 automatic annotation
          </span>
        </span>
        <div
          class="evidence-tag-content "
          data-testid="evidence-tag-content"
        >
          <div>
            <h5>
              Automatic assertion according to rules
            </h5>
          </div>
        </div>
      </div>
    </div>
    <div
      class="info-list__item"
    >
      <div
        class="info-list__item__title"
      >
        <h5
          class="bold"
        >
          ORF names
        </h5>
      </div>
      <div
        class="info-list__item__content"
      >
        some orf 
        <span
          class="evidence-tag svg-colour-reviewed"
          data-testid="evidence-tag-trigger"
          role="button"
          tabindex="0"
        >
          <svg
            fill="none"
            height="12"
            viewBox="0 0 10 15"
            width="12"
          >
            <path
              clip-rule="evenodd"
              d="M10 0H0v15h.051L5 10l4.949 5H10V0z"
              fill="#4E5A71"
              fill-rule="evenodd"
            />
          </svg>
          <span
            class="evidence-tag__label"
            title=""
          >
            1 publication
          </span>
        </span>
        <div
          class="evidence-tag-content "
          data-testid="evidence-tag-content"
        >
          <div>
            <h5>
              Manual assertion based on experiment
            </h5>
          </div>
        </div>
      </div>
    </div>
    <div
      class="info-list__item"
    >
      <div
        class="info-list__item__title"
      >
        <h5
          class="bold"
        >
          Ordered locus names
        </h5>
      </div>
      <div
        class="info-list__item__content"
      >
        some locus 
        <span
          class="evidence-tag svg-colour-unreviewed"
          data-testid="evidence-tag-trigger"
          role="button"
          tabindex="0"
        >
          <svg
            fill="none"
            height="12"
            viewBox="0 0 10 15"
            width="12"
          >
            <path
              clip-rule="evenodd"
              d="M10 0H0v15h.051L5 10l4.949 5H10V0z"
              fill="#4E5A71"
              fill-rule="evenodd"
            />
          </svg>
          <span
            class="evidence-tag__label"
            title=""
          >
            1 automatic annotation
          </span>
        </span>
        <div
          class="evidence-tag-content "
          data-testid="evidence-tag-content"
        >
          <div>
            <h5>
              Automatic assertion according to rules
            </h5>
          </div>
        </div>
      </div>
    </div>
  </div>
</DocumentFragment>
`;
