// Jest Snapshot v1, https://goo.gl/fbAQLP

exports[`GeneNames should render gene_names 1`] = `
<DocumentFragment>
  <div
    class="info-list"
  >
    <div
      class="info-list__item"
    >
      <div
        class="info-list__item__title"
      >
        <h5
          class="bold"
        >
          Name
        </h5>
      </div>
      <div
        class="info-list__item__content"
      >
        some Gene
      </div>
    </div>
    <div
      class="info-list__item"
    >
      <div
        class="info-list__item__title"
      >
        <h5
          class="bold"
        >
          Synonyms
        </h5>
      </div>
      <div
        class="info-list__item__content"
      >
        some Syn
      </div>
    </div>
    <div
      class="info-list__item"
    >
      <div
        class="info-list__item__title"
      >
        <h5
          class="bold"
        >
          ORF names
        </h5>
      </div>
      <div
        class="info-list__item__content"
      >
        some orf
      </div>
    </div>
    <div
      class="info-list__item"
    >
      <div
        class="info-list__item__title"
      >
        <h5
          class="bold"
        >
          Ordered locus names
        </h5>
      </div>
      <div
        class="info-list__item__content"
      >
        some locus
      </div>
    </div>
  </div>
</DocumentFragment>
`;
