// Jest Snapshot v1, https://goo.gl/fbAQLP

exports[`ProteinOverview component should render 1`] = `
<DocumentFragment>
  <div
    class="info-list"
  >
    <div
      class="info-list__item"
    >
      <div
        class="info-list__item__title"
      >
        <h5
          class="bold"
        >
          Evidence
        </h5>
      </div>
      <div
        class="info-list__item__content"
      >
        IT exists
      </div>
    </div>
    <div
      class="info-list__item"
    >
      <div
        class="info-list__item__title"
      >
        <h5
          class="bold"
        >
          Annotation score
        </h5>
      </div>
      <div
        class="info-list__item__content"
      >
        <span
          title="Annotation Score"
        >
          <span
            class="doughnut-chart--medium colour-azureish-white"
          >
            <span
              class="doughnut-chart--medium__left-wrap"
            >
              <span
                class="doughnut-chart--medium__left-wrap__loader colour-sea-blue"
                style="transform: rotate(0deg);"
              />
            </span>
            <span
              class="doughnut-chart--medium__right-wrap"
            >
              <span
                class="doughnut-chart--medium__right-wrap__loader colour-sea-blue"
                style="transform: rotate(72deg);"
              />
            </span>
            <span
              class="doughnut-chart--medium__inner-circle"
            >
              1/5
            </span>
          </span>
        </span>
      </div>
    </div>
  </div>
</DocumentFragment>
`;
