// Jest Snapshot v1, https://goo.gl/fbAQLP

exports[`Range field should render a range field 1`] = `
<DocumentFragment>
  <label
    for="from_input_range_field"
  >
    From
    <input
      data-testid="range-field-from-input"
      id="from_input_range_field"
      placeholder="0"
      value=""
    />
  </label>
  <label
    for="to_input_range_field"
  >
    To
    <input
      data-testid="range-field-to-input"
      id="to_input_range_field"
      placeholder="100"
      value=""
    />
  </label>
</DocumentFragment>
`;
