// Jest Snapshot v1, https://goo.gl/fbAQLP

exports[`HomePage component should render 1`] = `
"<HomePageLayout>
  <C title=\\"Find your protein\\" footer=\\"The mission of UniProt is to provide the scientific community with a comprehensive, high-quality and freely accessible resource of protein sequence and functional information.\\">
    <withRouter(Connect(Search)) />
  </C>
  <Block columns=\\"4\\">
    <Component title=\\"UniProtKB\\" description=\\"This is a short description of what the resource is/provides.\\" namespace=\\"\\" />
    <Component title=\\"Proteomes\\" namespace=\\"proteomes\\" description=\\"Sets of proteins for reference and other species of interest.\\" />
    <Component title=\\"UniRef\\" namespace=\\"uniref\\" description=\\"Clusters of protein sequences at 100%, 90% & 50% similarity\\" />
    <Component title=\\"UniParc\\" namespace=\\"uniparc\\" description=\\"Non-redundant archive of protein sequences publicly available (UniProt, RefSeq, Ensembl,...)\\" />
  </Block>
</HomePageLayout>"
`;
