// Jest Snapshot v1, https://goo.gl/fbAQLP

exports[`HomePage component should render 1`] = `
<section
  id="outer-layout"
>
  <div
    className="header header--negative"
  >
    <div
      className="header__logo"
    >
      <a
        href="/"
        onClick={[Function]}
      >
        <test-file-stub
          height={50}
          width={120}
        />
      </a>
    </div>
    <ul
      className="header__navigation"
    >
      <li>
        <a
          href="/"
          onClick={[Function]}
        >
          BLAST
        </a>
      </li>
      <li>
        <a
          href="/"
          onClick={[Function]}
        >
          Align
        </a>
      </li>
      <li>
        <a
          href="/"
          onClick={[Function]}
        >
          Tools
        </a>
      </li>
      <li>
        <a
          href="/"
          onClick={[Function]}
        >
          Help
        </a>
      </li>
    </ul>
    <div
      className="header__search"
    />
  </div>
  <section
    data-layout="home-page"
    id="layout"
  >
    <section
      id="layout-content"
    >
      <div
        className="hero-header"
      >
        <div
          className="hero-header__title"
        >
          <h1>
            Find your protein
          </h1>
        </div>
        <div
          className="hero-header__content"
        >
          <form
            className="main-search"
            onSubmit={[Function]}
          >
            <div
              className="dropdown-container"
            >
              <button
                className="button dropdown"
                onClick={[Function]}
                type="button"
              >
                UniProtKB
              </button>
              <div
                className="dropdown-menu"
              >
                <ul>
                  <li>
                    <button
                      type="button"
                    >
                      UniProtKB - the UniProt knowledgebase
                    </button>
                  </li>
                  <li>
                    <button
                      type="button"
                    >
                      UniRef
                    </button>
                  </li>
                  <li>
                    <button
                      type="button"
                    >
                      UniParc
                    </button>
                  </li>
                  <li>
                    <button
                      type="button"
                    >
                      Proteomes
                    </button>
                  </li>
                  <li>
                    <button
                      type="button"
                    >
                      Publications
                    </button>
                  </li>
                  <li>
                    <button
                      type="button"
                    >
                      Keywords
                    </button>
                  </li>
                </ul>
              </div>
            </div>
            <input
              className="main-search__input"
              onChange={[Function]}
              type="text"
              value=""
            />
            <button
              className="button"
              type="submit"
            >
              Search
            </button>
          </form>
          <button
            className="adv-search-toggle"
            onClick={[Function]}
            type="button"
          >
            Advanced search
          </button>
        </div>
        <div
          className="hero-header__footer"
        >
          The mission of UniProt is to provide the scientific community with a comprehensive, high-quality and freely accessible resource of protein sequence and functional information.
        </div>
      </div>
      <div
        className="block block--4-col"
      >
        <div
          className="tile"
        >
          <h3
            className="tile__header"
          >
            UniProtKB
          </h3>
          <p
            className="tile__content"
          >
            This is a short description of what the resource is/provides.
          </p>
        </div>
        <div
          className="tile tile-proteomes"
        >
          <h3
            className="tile__header"
          >
            Proteomes
          </h3>
          <p
            className="tile__content"
          >
            Sets of proteins for reference and other species of interest.
          </p>
        </div>
        <div
          className="tile tile-uniref"
        >
          <h3
            className="tile__header"
          >
            UniRef
          </h3>
          <p
            className="tile__content"
          >
            Clusters of protein sequences at 100%, 90% & 50% similarity
          </p>
        </div>
        <div
          className="tile tile-uniparc"
        >
          <h3
            className="tile__header"
          >
            UniParc
          </h3>
          <p
            className="tile__content"
          >
            Non-redundant archive of protein sequences publicly available (UniProt, RefSeq, Ensembl,...)
          </p>
        </div>
      </div>
    </section>
  </section>
  <footer />
</section>
`;
