// Jest Snapshot v1, https://goo.gl/fbAQLP

exports[`ColumnSelectView component should render 1`] = `
<DocumentFragment>
  <div
    class="column-select"
  >
    <div
      class="column-select-drag-drop__list"
      data-rbd-droppable-context-id="0"
      data-rbd-droppable-id="droppable"
    >
      <div
        aria-describedby="rbd-hidden-text-0-hidden-text-0"
        class="button column-select-drag-drop__list__item"
        data-rbd-drag-handle-context-id="0"
        data-rbd-drag-handle-draggable-id="cc_allergen"
        data-rbd-draggable-context-id="0"
        data-rbd-draggable-id="cc_allergen"
        draggable="false"
        role="button"
        tabindex="0"
      >
        ccAllergen-label
        <button
          class="column-select-drag-drop__list__item__button"
          data-testid="column-select-dnd-remove-button"
          type="button"
        >
          <svg
            class="column-select-drag-drop__list__item__button__icon"
            fill="currentColor"
            viewBox="0 0 352 512"
          >
            <path
              d="M243 256l100-100c12-12 12-32 0-45l-22-22a31 31 0 00-45 0L176 189 76 89a31 31 0 00-45 0L9 111a31 31 0 000 45l100 100L9 356a31 31 0 000 45l22 22c13 12 33 12 45 0l100-100 100 100c12 12 32 12 45 0l22-22c12-13 12-33 0-45L243 256z"
            />
          </svg>
        </button>
      </div>
    </div>
    <button
      class="button secondary"
      data-testid="column-select-reset-button"
      tabindex="0"
      type="button"
    >
      Reset to default
    </button>
    <div
      class="tabs"
    >
      <div
        class="tabs__header"
      >
        <div
          class="tabs__header__item tabs__header__item--active"
          data-testid="tab-title"
          role="button"
          tabindex="0"
        >
          <div
            class="column-select__tab-title"
          >
            data
            <span
              class="column-select__tab-title__count column-select__tab-title__count--visible"
            >
              <span
                class="bubble--small colour-sea-blue"
              >
                1
              </span>
            </span>
          </div>
        </div>
        <div
          class="tabs__header__item "
          data-testid="tab-title"
          role="button"
          tabindex="0"
        >
          <div
            class="column-select__tab-title"
          >
            links
            <span
              class="column-select__tab-title__count column-select__tab-title__count--hidden"
            >
              <span
                class="bubble--small colour-sea-blue"
              >
                0
              </span>
            </span>
          </div>
        </div>
      </div>
    </div>
    <div>
      <div
        class="tabs__content tabs__content--active"
        data-testid="tab-content"
      >
        <div
          style="width: 18rem;"
        >
          <span
            class="search-input"
          >
            <input
              data-testid="search-input"
              placeholder=""
              type="text"
              value=""
            />
            <span
              class="search-input__suffix"
              data-testid="search-input-suffix"
              role="presentation"
            >
              <svg
                fill="currentColor"
                height="14"
                viewBox="0 0 512 512"
                width="14"
              >
                <path
                  d="M505 443L405 343c-4-4-10-7-17-7h-16a208 208 0 10-36 36v16c0 7 3 13 7 17l100 100c9 9 24 9 34 0l28-28c9-10 9-25 0-34zM208 336a128 128 0 110-256 128 128 0 010 256z"
                />
              </svg>
            </span>
          </span>
        </div>
        <div
          class="accordion-group accordion-search"
        >
          <div
            class="accordion"
          >
            <div
              class="accordion__title"
              data-testid="accordion-title"
              role="button"
              tabindex="0"
            >
              <div
                class="accordion__title__text"
              >
                title
              </div>
              <div
                class="accordion__title__side"
              >
                <span
                  class="accordion__title__side__count"
                >
                  <span
                    class="bubble--small colour-sea-blue"
                  >
                    1
                  </span>
                </span>
                <svg
                  class="accordion__title__side__chevron"
                  fill="currentColor"
                  height="16"
                  viewBox="0 0 512 311"
                  width="16"
                >
                  <path
                    d="M236 302L9 75a28 28 0 010-40L35 9C46-2 64-2 75 9l181 180L437 9c11-11 29-11 40 0l26 26c11 11 11 29 0 40L276 302a28 28 0 01-40 0z"
                  />
                </svg>
              </div>
            </div>
            <div
              class="accordion__content accordion__content--hide-content"
              data-testid="accordion-content"
            >
              <ul
                class="no-bullet accordion-search__list accordion-search__list--columns"
              >
                <li
                  class="accordion-search__list__item"
                  data-testid="accordion-search-list-item"
                >
                  <label
                    for="checkbox-accession"
                  >
                    <input
                      class="accordion-search__list__item-checkbox"
                      id="checkbox-accession"
                      type="checkbox"
                    />
                    accession-label
                  </label>
                </li>
                <li
                  class="accordion-search__list__item"
                  data-testid="accordion-search-list-item"
                >
                  <label
                    for="checkbox-cc_allergen"
                  >
                    <input
                      checked=""
                      class="accordion-search__list__item-checkbox"
                      id="checkbox-cc_allergen"
                      type="checkbox"
                    />
                    ccAllergen-label
                  </label>
                </li>
              </ul>
            </div>
          </div>
        </div>
      </div>
      <div
        class="tabs__content "
        data-testid="tab-content"
      >
        <div
          style="width: 18rem;"
        >
          <span
            class="search-input"
          >
            <input
              data-testid="search-input"
              placeholder=""
              type="text"
              value=""
            />
            <span
              class="search-input__suffix"
              data-testid="search-input-suffix"
              role="presentation"
            >
              <svg
                fill="currentColor"
                height="14"
                viewBox="0 0 512 512"
                width="14"
              >
                <path
                  d="M505 443L405 343c-4-4-10-7-17-7h-16a208 208 0 10-36 36v16c0 7 3 13 7 17l100 100c9 9 24 9 34 0l28-28c9-10 9-25 0-34zM208 336a128 128 0 110-256 128 128 0 010 256z"
                />
              </svg>
            </span>
          </span>
        </div>
        <div
          class="accordion-group accordion-search"
        >
          <div
            class="accordion"
          >
            <div
              class="accordion__title"
              data-testid="accordion-title"
              role="button"
              tabindex="0"
            >
              <div
                class="accordion__title__text"
              >
                title
              </div>
              <div
                class="accordion__title__side"
              >
                <svg
                  class="accordion__title__side__chevron"
                  fill="currentColor"
                  height="16"
                  viewBox="0 0 512 311"
                  width="16"
                >
                  <path
                    d="M236 302L9 75a28 28 0 010-40L35 9C46-2 64-2 75 9l181 180L437 9c11-11 29-11 40 0l26 26c11 11 11 29 0 40L276 302a28 28 0 01-40 0z"
                  />
                </svg>
              </div>
            </div>
            <div
              class="accordion__content accordion__content--hide-content"
              data-testid="accordion-content"
            >
              <ul
                class="no-bullet accordion-search__list accordion-search__list--columns"
              >
                <li
                  class="accordion-search__list__item"
                  data-testid="accordion-search-list-item"
                >
                  <label
                    for="checkbox-dr_abcd"
                  >
                    <input
                      class="accordion-search__list__item-checkbox"
                      id="checkbox-dr_abcd"
                      type="checkbox"
                    />
                    drAbcd-label
                  </label>
                </li>
              </ul>
            </div>
          </div>
        </div>
      </div>
    </div>
  </div>
</DocumentFragment>
`;
