// Jest Snapshot v1, https://goo.gl/fbAQLP

exports[`UniProtKBEntryPublications Should render 1`] = `
<DocumentFragment>
  <section
    class="publication"
  >
    <h4>
      Leo book tittle
    </h4>
    <section
      class="publication__authors"
    >
      <a
        href="/"
      >
        author Leo
      </a>
    </section>
    <section
      class="publication__columns"
    >
      <section
        class="publication__columns__main"
      />
      <section
        class="publication__columns__side"
      >
        <ul
          class="no-bullet"
        >
          <li>
            <a
              href="//dx.doi.org/undefined"
            >
              journal name undefined:undefined-undefined(date value)
            </a>
          </li>
        </ul>
      </section>
    </section>
  </section>
</DocumentFragment>
`;
