// Jest Snapshot v1, https://goo.gl/fbAQLP

exports[`GeneNames should render gene_names 1`] = `
<DocumentFragment>
  <div
    class="info-list"
  >
    <div
      class="info-list__item"
    >
      <div
        class="info-list__title"
      >
        <h5
          class="bold"
        >
          Name
        </h5>
      </div>
      <div
        class="info-list__content"
      >
        some Gene 
        <button
          aria-controls="<UUID>"
          aria-expanded="false"
          class="evidence-tag svg-colour-unreviewed"
          data-testid="evidence-tag-trigger"
          type="button"
        >
          <svg
            fill="currentColor"
            height="12"
            viewBox="0 0 10 15"
            width="12"
          >
            <path
              d="M10 0H0v15l5-5 5 5V0z"
            />
          </svg>
          <span
            class="evidence-tag__label"
            title=""
          >
            1 automatic annotation
          </span>
        </button>
        <div
          class="evidence-tag-content "
          data-testid="evidence-tag-content"
          id="<UUID>"
        />
      </div>
    </div>
    <div
      class="info-list__item"
    >
      <div
        class="info-list__title"
      >
        <h5
          class="bold"
        >
          Synonyms
        </h5>
      </div>
      <div
        class="info-list__content"
      >
        some Syn 
        <button
          aria-controls="<UUID>"
          aria-expanded="false"
          class="evidence-tag svg-colour-unreviewed"
          data-testid="evidence-tag-trigger"
          type="button"
        >
          <svg
            fill="currentColor"
            height="12"
            viewBox="0 0 10 15"
            width="12"
          >
            <path
              d="M10 0H0v15l5-5 5 5V0z"
            />
          </svg>
          <span
            class="evidence-tag__label"
            title=""
          >
            1 automatic annotation
          </span>
        </button>
        <div
          class="evidence-tag-content "
          data-testid="evidence-tag-content"
          id="<UUID>"
        />
      </div>
    </div>
    <div
      class="info-list__item"
    >
      <div
        class="info-list__title"
      >
        <h5
          class="bold"
        >
          ORF names
        </h5>
      </div>
      <div
        class="info-list__content"
      >
        some orf 
        <button
          aria-controls="<UUID>"
          aria-expanded="false"
          class="evidence-tag svg-colour-reviewed"
          data-testid="evidence-tag-trigger"
          type="button"
        >
          <svg
            fill="currentColor"
            height="12"
            viewBox="0 0 10 15"
            width="12"
          >
            <path
              d="M10 0H0v15l5-5 5 5V0z"
            />
          </svg>
          <span
            class="evidence-tag__label"
            title=""
          >
            1 publication
          </span>
        </button>
        <div
          class="evidence-tag-content "
          data-testid="evidence-tag-content"
          id="<UUID>"
        />
      </div>
    </div>
    <div
      class="info-list__item"
    >
      <div
        class="info-list__title"
      >
        <h5
          class="bold"
        >
          Ordered locus names
        </h5>
      </div>
      <div
        class="info-list__content"
      >
        some locus 
        <button
          aria-controls="<UUID>"
          aria-expanded="false"
          class="evidence-tag svg-colour-unreviewed"
          data-testid="evidence-tag-trigger"
          type="button"
        >
          <svg
            fill="currentColor"
            height="12"
            viewBox="0 0 10 15"
            width="12"
          >
            <path
              d="M10 0H0v15l5-5 5 5V0z"
            />
          </svg>
          <span
            class="evidence-tag__label"
            title=""
          >
            1 automatic annotation
          </span>
        </button>
        <div
          class="evidence-tag-content "
          data-testid="evidence-tag-content"
          id="<UUID>"
        />
      </div>
    </div>
  </div>
</DocumentFragment>
`;
