// Jest Snapshot v1, https://goo.gl/fbAQLP

exports[`HomePage component should render 1`] = `
<DocumentFragment>
  <section
    class="base-layout"
  >
    <section
      class="main-header"
    >
      <div
        class="header"
      >
        <div
          class="header__logo"
        >
          <a
            href="/"
          >
            <test-file-stub
              height="50"
              style="margin-right: 5rem;"
              width="120"
            />
          </a>
        </div>
        <ul
          class="header__navigation"
        />
        <div
          class="header__search"
        />
      </div>
    </section>
    <section
      class="in-page-messages"
    >
      <div />
    </section>
    <a
      href="https://goo.gl/forms/VrAGbqg2XFg6Mpbh1"
      rel="noopener noreferrer"
      style="font-size: .8rem; line-height: 1.5rem; display: block; padding: .5rem 0px; color: rgb(255, 255, 255); background-color: red; position: fixed; bottom: 4rem; right: 0px; writing-mode: vertical-rl; text-orientation: sideways; z-index: 99;"
      target="_blank"
    >
      Report bug
    </a>
    <section>
      <div
        class="hero-header"
      >
        <div
          class="hero-header__title"
        >
          <h1>
            Find your protein
          </h1>
        </div>
        <div
          class="hero-header__content"
        >
          <form
            class="main-search"
            data-testid="main-search-form"
          >
            <div
              class="dropdown-container"
            >
              <button
                class="button dropdown "
                type="button"
              >
                UniProtKB
              </button>
              <div
                class="dropdown-menu"
                style="top: 0px;"
              >
                <ul>
                  <li>
                    <button
                      type="button"
                    >
                      UniProtKB - the UniProt knowledgebase
                    </button>
                  </li>
                  <li>
                    <button
                      type="button"
                    >
                      UniRef
                    </button>
                  </li>
                  <li>
                    <button
                      type="button"
                    >
                      UniParc
                    </button>
                  </li>
                  <li>
                    <button
                      type="button"
                    >
                      Proteomes
                    </button>
                  </li>
                  <li>
                    <button
                      type="button"
                    >
                      Publications
                    </button>
                  </li>
                  <li>
                    <button
                      type="button"
                    >
                      Keywords
                    </button>
                  </li>
                </ul>
              </div>
            </div>
            <input
              class="main-search__input"
              data-testid="main-search-input"
              type="text"
              value=""
            />
            <button
              class="button"
              type="submit"
            >
              Search
            </button>
          </form>
        </div>
        <div
          class="hero-header__footer"
        >
          The mission of UniProt is to provide the scientific community with a comprehensive, high-quality and freely accessible resource of protein sequence and functional information.
        </div>
      </div>
      <div
        class="block block--4-col"
      >
        <div
          class="tile"
        >
          <h3
            class="tile__header"
          >
            UniProtKB
          </h3>
          <p
            class="tile__content"
          >
            This is a short description of what the resource is/provides.
          </p>
        </div>
        <div
          class="tile tile--proteomes"
        >
          <h3
            class="tile__header"
          >
            Proteomes
          </h3>
          <p
            class="tile__content"
          >
            Sets of proteins for reference and other species of interest.
          </p>
        </div>
        <div
          class="tile tile--uniref"
        >
          <h3
            class="tile__header"
          >
            UniRef
          </h3>
          <p
            class="tile__content"
          >
            Clusters of protein sequences at 100%, 90% & 50% similarity
          </p>
        </div>
        <div
          class="tile tile--uniparc"
        >
          <h3
            class="tile__header"
          >
            UniParc
          </h3>
          <p
            class="tile__content"
          >
            Non-redundant archive of protein sequences publicly available (UniProt, RefSeq, Ensembl,...)
          </p>
        </div>
      </div>
      <div
        class="block block--4-col"
      >
        <div
          class="tile tile--small"
        >
          <h3
            class="tile__header"
          >
            Literature Citations
          </h3>
        </div>
        <div
          class="tile tile--small"
        >
          <h3
            class="tile__header"
          >
            Taxonomy
          </h3>
        </div>
        <div
          class="tile tile--small"
        >
          <h3
            class="tile__header"
          >
            Subcellular locations
          </h3>
        </div>
        <div
          class="tile tile--small"
        >
          <h3
            class="tile__header"
          >
            Cross-ref databases
          </h3>
        </div>
      </div>
      <div
        class="block block--4-col"
      >
        <div
          class="tile tile--small"
        >
          <h3
            class="tile__header"
          >
            Diseases
          </h3>
        </div>
        <div
          class="tile tile--small"
        >
          <h3
            class="tile__header"
          >
            Keywords
          </h3>
        </div>
        <div
          class="tile tile--small"
        >
          <h3
            class="tile__header"
          >
            UniRule
          </h3>
        </div>
        <div
          class="tile tile--small"
        >
          <h3
            class="tile__header"
          >
            SAAS
          </h3>
        </div>
      </div>
      <div
        class="hero-container"
      >
        <section>
          <h4>
            News
          </h4>
          <div
            class="placeholder"
          >
            <test-file-stub />
          </div>
        </section>
      </div>
      <div
        class="block block--4-col"
      >
        <div
          class="tile"
        >
          <h3
            class="tile__header"
          >
            BLAST
          </h3>
          <p
            class="tile__content"
          >
            The Basic Local Alignment Search Tool finds regions of local similarity between sequences.
          </p>
        </div>
        <div
          class="tile"
        >
          <h3
            class="tile__header"
          >
            ALIGN
          </h3>
          <p
            class="tile__content"
          >
            Align two or more protein sequences with the Clust Omega program.
          </p>
        </div>
        <div
          class="tile"
        >
          <h3
            class="tile__header"
          >
            Retrieve/ID Mapping
          </h3>
          <p
            class="tile__content"
          >
            Retrieve and/or convert non UniProt identifiers to download lists for use on this website.
          </p>
        </div>
        <div
          class="tile"
        >
          <h3
            class="tile__header"
          >
            Peptide Search
          </h3>
          <p
            class="tile__content"
          >
            Find all UniProtKB sequences that exactly match a query peptide sequence.
          </p>
        </div>
      </div>
      <div
        class="hero-container"
      >
        <section>
          <h4>
            Need Help?
          </h4>
          <div
            class="placeholder"
          >
            <test-file-stub />
          </div>
        </section>
      </div>
      <div
        class="block block--3-col"
      >
        <div
          class="tile"
        >
          <h3
            class="tile__header"
          >
            Programmatic access
          </h3>
          <p
            class="tile__content"
          >
            Query UniProt data using APIs providing REST, SPARQL and Java services.
          </p>
        </div>
        <div
          class="tile"
        >
          <h3
            class="tile__header"
          >
            FTP Download
          </h3>
          <p
            class="tile__content"
          >
            Get the UniProt data directly.
          </p>
        </div>
        <div
          class="tile"
        >
          <h3
            class="tile__header"
          >
            Technical Documentation
          </h3>
          <p
            class="tile__content"
          >
            Access extensive technical documents to help you use UniProt to its full potential.
          </p>
        </div>
      </div>
    </section>
    <section
      class="footer"
    >
      <footer
        class="uniprot-footer"
      >
        © 2002 – 2023
        <span
          class="uniprot-footer__links"
        >
          <a
            href="https://www.uniprot.org/help/about"
          >
            UniProt Consortium
          </a>
           | 
          <a
            href="https://www.uniprot.org/help/license"
          >
            License & Disclaimer
          </a>
           | 
          <a
            href="https://www.uniprot.org/help/privacy"
          >
            Privacy Notice
          </a>
        </span>
      </footer>
    </section>
    <div
      class="gdpr-section"
    >
      We'd like to inform you that we have updated our 
      <a
        href="https://www.uniprot.org/help/privacy"
      >
        Privacy Notice
      </a>
       to
      comply with Europe’s new General Data Protection Regulation (GDPR) that
      applies since 25 May 2018.
      <button
        class="button secondary"
        type="button"
      >
        Accept
      </button>
    </div>
  </section>
</DocumentFragment>
`;
