// Jest Snapshot v1, https://goo.gl/fbAQLP

exports[`HomePage component should render 1`] = `
<DocumentFragment>
  <main>
    <div
      class="hero-header"
    >
      <div
        class="hero-header__title"
      >
        <h1>
          Find your protein
        </h1>
      </div>
      <div
        class="hero-header__content"
      >
        <form
          class="main-search"
          data-testid="main-search-form"
        >
          <div
            class="dropdown-container"
          >
            <button
              class="button dropdown "
              type="button"
            >
              UniProtKB
            </button>
            <div
              class="dropdown-menu"
            >
              <ul>
                <li>
                  <button
                    type="button"
                  >
                    UniProtKB - the UniProt knowledgebase
                  </button>
                </li>
                <li>
                  <button
                    type="button"
                  >
                    UniRef
                  </button>
                </li>
                <li>
                  <button
                    type="button"
                  >
                    UniParc
                  </button>
                </li>
                <li>
                  <button
                    type="button"
                  >
                    Proteomes
                  </button>
                </li>
                <li>
                  <button
                    type="button"
                  >
                    Publications
                  </button>
                </li>
                <li>
                  <button
                    type="button"
                  >
                    Keywords
                  </button>
                </li>
              </ul>
            </div>
          </div>
          <input
            class="main-search__input"
            data-testid="main-search-input"
            type="text"
            value=""
          />
          <button
            class="button"
            type="submit"
          >
            Search
          </button>
        </form>
      </div>
      <div
        class="hero-header__footer"
      >
        The mission of UniProt is to provide the scientific community with a comprehensive, high-quality and freely accessible resource of protein sequence and functional information.
      </div>
    </div>
    <div
      class="loader-container"
    >
      <svg
        class="loader"
        height="100"
        viewBox="0 0 100 100"
        width="100"
      >
        <g
          fill="none"
          fill-rule="evenodd"
        >
          <path
            d="M9 50c6.833-10.667 13.667-16 20.5-16S43.167 39.333 50 50s13.667 16 20.5 16S84.167 60.667 91 50"
            stroke="#3ca3ca"
            stroke-linecap="square"
            stroke-width="2"
          />
          <circle
            cx="9"
            cy="50"
            fill="#3ca3ca"
            r="6"
          />
          <circle
            cx="30"
            cy="34"
            fill="#3ca3ca"
            r="6"
          />
          <circle
            cx="50"
            cy="50"
            fill="#3ca3ca"
            r="6"
          />
          <circle
            cx="70"
            cy="66"
            fill="#3ca3ca"
            r="6"
          />
          <circle
            cx="91"
            cy="50"
            fill="#3ca3ca"
            r="6"
          />
        </g>
      </svg>
    </div>
  </main>
</DocumentFragment>
`;
