// Jest Snapshot v1, https://goo.gl/fbAQLP

exports[`Entry should render 1`] = `
<DocumentFragment>
  <section
    class="sidebar-layout false"
    data-layout="left-sidebar-layout"
  >
    <section
      class="sidebar-layout__sidebar"
    >
      <div
        class="in-page-nav in-page-nav--sticky"
      >
        <ul
          class=""
        >
          <li
            class=""
          >
            <a
              href="#Function"
            >
              Function
            </a>
          </li>
          <li
            class=""
          >
            <a
              href="#Names & Taxonomy"
            >
              Names & Taxonomy
            </a>
          </li>
          <li
            class=""
          >
            <a
              href="#Subcellular Location"
            >
              Subcellular Location
            </a>
          </li>
          <li
            class=""
          >
            <a
              href="#Pathology & BioTech"
            >
              Pathology & BioTech
            </a>
          </li>
          <li
            class=""
          >
            <a
              href="#Protein Processing"
            >
              Protein Processing
            </a>
          </li>
          <li
            class="in-page-nav--disabled"
          >
            <a
              href="#Expression"
            >
              Expression
            </a>
          </li>
          <li
            class=""
          >
            <a
              href="#Interaction"
            >
              Interaction
            </a>
          </li>
          <li
            class="in-page-nav--disabled"
          >
            <a
              href="#Structure"
            >
              Structure
            </a>
          </li>
          <li
            class=""
          >
            <a
              href="#Family & Domains"
            >
              Family & Domains
            </a>
          </li>
          <li
            class=""
          >
            <a
              href="#Sequence"
            >
              Sequence
            </a>
          </li>
        </ul>
      </div>
    </section>
    <section
      class="sidebar-layout__content"
    >
      <div
        class="button-group"
      >
        <button
          class="button link-button"
          type="button"
        >
          Blast
        </button>
        <button
          class="button link-button"
          type="button"
        >
          Align
        </button>
        <button
          class="button link-button"
          type="button"
        >
          <svg
            height="32"
            viewBox="0 0 32 32"
            width="32"
            xmlns="http://www.w3.org/2000/svg"
          >
            <path
              d="M27.625 20.944H31.5v7.75H.5v-7.75h3.875v3.875h23.25v-3.875zm-3.875-9.687L16 22.882 8.25 11.258h5.813V1.57h3.875v9.687h5.812z"
            />
          </svg>
          Download
        </button>
        <button
          class="button link-button"
          type="button"
        >
          Add
        </button>
      </div>
      <div
        class="card "
      >
        <div
          class="card__header"
        >
          <h3
            class="card__title"
          >
            <div
              class="uniprot-title"
            >
              <span
                class="uniprot-title__status icon--reviewed"
              >
                <svg
                  height="512"
                  viewBox="0 0 426 512"
                  width="426"
                  xmlns="http://www.w3.org/2000/svg"
                >
                  <path
                    d="M432 144H288V0l144 144zM112.96 404.128l66.112 34.752-12.624-73.632 53.488-52.16L146 302.336l-33.056-66.976-33.072 66.976-73.92 10.752 53.504 52.16-12.64 73.632 66.144-34.752zM32 491.856V512h200.192L112.96 449.312 32 491.856zm114-189.52l-33.056-66.976-33.072 66.976L32 309.312v29.152l27.456 26.784-12.64 73.632 66.144-34.752 66.112 34.752-12.624-73.632 53.488-52.16L146 302.336zM256 176V0H32v268.88l21.312-3.104 59.648-120.784 59.6 120.784 133.312 19.408-96.448 94.032L232.192 512H432V176H256z"
                    id="Shape"
                  />
                </svg>
              </span>
              <a
                href="/uniprotkb/P21802"
              >
                P21802
              </a>
               · uniprot id
            </div>
          </h3>
        </div>
        <div
          class="card__content"
        >
          <div
            class="info-list"
          >
            <div
              class="info-list__item"
            >
              <div
                class="info-list__item__title"
              >
                Name
              </div>
              <div
                class="info-list__item__content"
              >
                rec full Name
              </div>
            </div>
            <div
              class="info-list__item"
            >
              <div
                class="info-list__item__title"
              >
                EC number
              </div>
              <div
                class="info-list__item__content"
              >
                <div>
                  1.2.3.4
                </div>
              </div>
            </div>
            <div
              class="info-list__item"
            >
              <div
                class="info-list__item__title"
              >
                Organism
              </div>
              <div
                class="info-list__item__content"
              >
                <a
                  href="/taxonomy/9606"
                >
                  scientific name (common name)  (synonyms 1)
                </a>
              </div>
            </div>
            <div
              class="info-list__item"
            >
              <div
                class="info-list__item__title"
              >
                Gene
              </div>
              <div
                class="info-list__item__content"
              >
                <div>
                  <strong>
                    some Gene
                  </strong>
                </div>
                <div>
                  some Syn
                </div>
                <div>
                  some orf
                </div>
                <div>
                  some locus
                </div>
              </div>
            </div>
            <div
              class="info-list__item"
            >
              <div
                class="info-list__item__title"
              >
                Evidence
              </div>
              <div
                class="info-list__item__content"
              >
                1: Evidence at protein level
              </div>
            </div>
            <div
              class="info-list__item"
            >
              <div
                class="info-list__item__title"
              >
                Annotation score
              </div>
              <div
                class="info-list__item__content"
              >
                <span
                  title="Annotation Score"
                >
                  <span
                    class="doughnut-chart--medium colour-light-grey"
                  >
                    <span
                      class="doughnut-chart--medium__left-wrap"
                    >
                      <span
                        class="doughnut-chart--medium__left-wrap__loader colour-uniprot-blue"
                        style="transform: rotate(0deg);"
                      />
                    </span>
                    <span
                      class="doughnut-chart--medium__right-wrap"
                    >
                      <span
                        class="doughnut-chart--medium__right-wrap__loader colour-uniprot-blue"
                        style="transform: rotate(72deg);"
                      />
                    </span>
                    <span
                      class="doughnut-chart--medium__inner-circle"
                    >
                      1/5
                    </span>
                  </span>
                </span>
              </div>
            </div>
          </div>
        </div>
      </div>
      <div
        id="Function"
      >
        <div
          class="card "
        >
          <div
            class="card__header"
          >
            <h3
              class="card__title"
            >
              Function
            </h3>
          </div>
          <div
            class="card__content"
          >
            <h4>
              catalytic activity
            </h4>
            <span
              class="text-block"
            >
              <strong>
                1.2.4.5
              </strong>
               some reaction
              <span
                class="evidence-tag svg-colour-unreviewed"
                data-testid="evidence-tag-trigger"
                role="button"
                tabindex="0"
              >
                <svg
                  height="12"
                  viewBox="0 0 400 512"
                  width="12"
                  xmlns="http://www.w3.org/2000/svg"
                >
                  <path
                    d="M400 144H256V0l144 144zm-176 32V0H0v512h400V176H224z"
                    id="Shape"
                  />
                </svg>
                <span
                  class="evidence-tag__label"
                  title=""
                >
                  1 automatic annotation
                </span>
              </span>
              <div
                class="evidence-tag-content "
                data-testid="evidence-tag-content"
              >
                <div>
                  <h5>
                    Automatic assertion according to rules
                  </h5>
                  <div>
                    PIRNR:PIRNR001361
                  </div>
                </div>
              </div>
              This reaction proceeds in the 
              <span
                data-testid="direction-text"
              >
                backward
              </span>
               direction 
              <span
                class="evidence-tag svg-colour-unreviewed"
                data-testid="evidence-tag-trigger"
                role="button"
                tabindex="0"
              >
                <svg
                  height="12"
                  viewBox="0 0 400 512"
                  width="12"
                  xmlns="http://www.w3.org/2000/svg"
                >
                  <path
                    d="M400 144H256V0l144 144zm-176 32V0H0v512h400V176H224z"
                    id="Shape"
                  />
                </svg>
                <span
                  class="evidence-tag__label"
                  title=""
                >
                  Imported
                </span>
              </span>
              <div
                class="evidence-tag-content "
                data-testid="evidence-tag-content"
              >
                <div>
                  <h5>
                    Automatic assertion inferred from database entries
                  </h5>
                  <div>
                    Ensembl:ENSP0001324
                  </div>
                </div>
              </div>
            </span>
            <h3>
              cofactor
            </h3>
            <section
              class="text-block"
            >
              <span>
                Cofactor Name 
                <span
                  class="evidence-tag svg-colour-unreviewed"
                  data-testid="evidence-tag-trigger"
                  role="button"
                  tabindex="0"
                >
                  <svg
                    height="12"
                    viewBox="0 0 400 512"
                    width="12"
                    xmlns="http://www.w3.org/2000/svg"
                  >
                    <path
                      d="M400 144H256V0l144 144zm-176 32V0H0v512h400V176H224z"
                      id="Shape"
                    />
                  </svg>
                  <span
                    class="evidence-tag__label"
                    title=""
                  >
                    1 automatic annotation
                  </span>
                </span>
                <div
                  class="evidence-tag-content "
                  data-testid="evidence-tag-content"
                >
                  <div>
                    <h5>
                      Automatic assertion according to rules
                    </h5>
                    <div>
                      PIRNR:PIRNR001361
                    </div>
                  </div>
                </div>
              </span>
              <section
                class="text-block"
              >
                value2
                <span
                  class="evidence-tag svg-colour-unreviewed"
                  data-testid="evidence-tag-trigger"
                  role="button"
                  tabindex="0"
                >
                  <svg
                    height="12"
                    viewBox="0 0 400 512"
                    width="12"
                    xmlns="http://www.w3.org/2000/svg"
                  >
                    <path
                      d="M400 144H256V0l144 144zm-176 32V0H0v512h400V176H224z"
                      id="Shape"
                    />
                  </svg>
                  <span
                    class="evidence-tag__label"
                    title=""
                  >
                    1 automatic annotation
                  </span>
                </span>
                <div
                  class="evidence-tag-content "
                  data-testid="evidence-tag-content"
                >
                  <div>
                    <h5>
                      Automatic assertion according to rules
                    </h5>
                    <div>
                      PIRNR:PIRNR001361
                    </div>
                  </div>
                </div>
              </section>
            </section>
            <h4>
              Absorption
            </h4>
            <section
              class="text-block"
            >
              Abs(max) = ~10nm
            </section>
            <section
              class="text-block"
            >
              <section
                class="text-block"
              >
                value1
                <span
                  class="evidence-tag svg-colour-reviewed"
                  data-testid="evidence-tag-trigger"
                  role="button"
                  tabindex="0"
                >
                  <svg
                    height="12"
                    viewBox="0 0 426 512"
                    width="12"
                    xmlns="http://www.w3.org/2000/svg"
                  >
                    <path
                      d="M432 144H288V0l144 144zM112.96 404.128l66.112 34.752-12.624-73.632 53.488-52.16L146 302.336l-33.056-66.976-33.072 66.976-73.92 10.752 53.504 52.16-12.64 73.632 66.144-34.752zM32 491.856V512h200.192L112.96 449.312 32 491.856zm114-189.52l-33.056-66.976-33.072 66.976L32 309.312v29.152l27.456 26.784-12.64 73.632 66.144-34.752 66.112 34.752-12.624-73.632 53.488-52.16L146 302.336zM256 176V0H32v268.88l21.312-3.104 59.648-120.784 59.6 120.784 133.312 19.408-96.448 94.032L232.192 512H432V176H256z"
                      id="Shape"
                    />
                  </svg>
                  <span
                    class="evidence-tag__label"
                    title=""
                  >
                    1 automatic annotation
                  </span>
                </span>
                <div
                  class="evidence-tag-content "
                  data-testid="evidence-tag-content"
                >
                  <div>
                    <h5>
                      Automatic assertion according to rules
                    </h5>
                    <div>
                      PROSITE-ProRule:PRU10028
                    </div>
                  </div>
                </div>
              </section>
              <span
                class="evidence-tag svg-colour-reviewed"
                data-testid="evidence-tag-trigger"
                role="button"
                tabindex="0"
              >
                <svg
                  height="12"
                  viewBox="0 0 426 512"
                  width="12"
                  xmlns="http://www.w3.org/2000/svg"
                >
                  <path
                    d="M432 144H288V0l144 144zM112.96 404.128l66.112 34.752-12.624-73.632 53.488-52.16L146 302.336l-33.056-66.976-33.072 66.976-73.92 10.752 53.504 52.16-12.64 73.632 66.144-34.752zM32 491.856V512h200.192L112.96 449.312 32 491.856zm114-189.52l-33.056-66.976-33.072 66.976L32 309.312v29.152l27.456 26.784-12.64 73.632 66.144-34.752 66.112 34.752-12.624-73.632 53.488-52.16L146 302.336zM256 176V0H32v268.88l21.312-3.104 59.648-120.784 59.6 120.784 133.312 19.408-96.448 94.032L232.192 512H432V176H256z"
                    id="Shape"
                  />
                </svg>
                <span
                  class="evidence-tag__label"
                  title=""
                >
                  1 automatic annotation
                </span>
              </span>
              <div
                class="evidence-tag-content "
                data-testid="evidence-tag-content"
              >
                <div>
                  <h5>
                    Automatic assertion according to rules
                  </h5>
                  <div>
                    PROSITE-ProRule:PRU10028
                  </div>
                </div>
              </div>
            </section>
            <h4>
              Kinetics
            </h4>
            <section
              class="text-block"
            >
              <ul
                class="no-bullet"
              >
                <li>
                  K
                  <sub>
                    M
                  </sub>
                  =2.0999999046325684uM for sub1 
                  <span
                    class="evidence-tag svg-colour-reviewed"
                    data-testid="evidence-tag-trigger"
                    role="button"
                    tabindex="0"
                  >
                    <svg
                      height="12"
                      viewBox="0 0 426 512"
                      width="12"
                      xmlns="http://www.w3.org/2000/svg"
                    >
                      <path
                        d="M432 144H288V0l144 144zM112.96 404.128l66.112 34.752-12.624-73.632 53.488-52.16L146 302.336l-33.056-66.976-33.072 66.976-73.92 10.752 53.504 52.16-12.64 73.632 66.144-34.752zM32 491.856V512h200.192L112.96 449.312 32 491.856zm114-189.52l-33.056-66.976-33.072 66.976L32 309.312v29.152l27.456 26.784-12.64 73.632 66.144-34.752 66.112 34.752-12.624-73.632 53.488-52.16L146 302.336zM256 176V0H32v268.88l21.312-3.104 59.648-120.784 59.6 120.784 133.312 19.408-96.448 94.032L232.192 512H432V176H256z"
                        id="Shape"
                      />
                    </svg>
                    <span
                      class="evidence-tag__label"
                      title=""
                    >
                      1 automatic annotation
                    </span>
                  </span>
                  <div
                    class="evidence-tag-content "
                    data-testid="evidence-tag-content"
                  >
                    <div>
                      <h5>
                        Automatic assertion according to rules
                      </h5>
                      <div>
                        PROSITE-ProRule:PRU10028
                      </div>
                    </div>
                  </div>
                </li>
              </ul>
            </section>
            <section
              class="text-block"
            >
              <section
                class="text-block"
              >
                value1
                <span
                  class="evidence-tag svg-colour-reviewed"
                  data-testid="evidence-tag-trigger"
                  role="button"
                  tabindex="0"
                >
                  <svg
                    height="12"
                    viewBox="0 0 426 512"
                    width="12"
                    xmlns="http://www.w3.org/2000/svg"
                  >
                    <path
                      d="M432 144H288V0l144 144zM112.96 404.128l66.112 34.752-12.624-73.632 53.488-52.16L146 302.336l-33.056-66.976-33.072 66.976-73.92 10.752 53.504 52.16-12.64 73.632 66.144-34.752zM32 491.856V512h200.192L112.96 449.312 32 491.856zm114-189.52l-33.056-66.976-33.072 66.976L32 309.312v29.152l27.456 26.784-12.64 73.632 66.144-34.752 66.112 34.752-12.624-73.632 53.488-52.16L146 302.336zM256 176V0H32v268.88l21.312-3.104 59.648-120.784 59.6 120.784 133.312 19.408-96.448 94.032L232.192 512H432V176H256z"
                      id="Shape"
                    />
                  </svg>
                  <span
                    class="evidence-tag__label"
                    title=""
                  >
                    1 automatic annotation
                  </span>
                </span>
                <div
                  class="evidence-tag-content "
                  data-testid="evidence-tag-content"
                >
                  <div>
                    <h5>
                      Automatic assertion according to rules
                    </h5>
                    <div>
                      PROSITE-ProRule:PRU10028
                    </div>
                  </div>
                </div>
              </section>
            </section>
            <h4>
              pH Dependence
            </h4>
            <section
              class="text-block"
            >
              value1
              <span
                class="evidence-tag svg-colour-reviewed"
                data-testid="evidence-tag-trigger"
                role="button"
                tabindex="0"
              >
                <svg
                  height="12"
                  viewBox="0 0 426 512"
                  width="12"
                  xmlns="http://www.w3.org/2000/svg"
                >
                  <path
                    d="M432 144H288V0l144 144zM112.96 404.128l66.112 34.752-12.624-73.632 53.488-52.16L146 302.336l-33.056-66.976-33.072 66.976-73.92 10.752 53.504 52.16-12.64 73.632 66.144-34.752zM32 491.856V512h200.192L112.96 449.312 32 491.856zm114-189.52l-33.056-66.976-33.072 66.976L32 309.312v29.152l27.456 26.784-12.64 73.632 66.144-34.752 66.112 34.752-12.624-73.632 53.488-52.16L146 302.336zM256 176V0H32v268.88l21.312-3.104 59.648-120.784 59.6 120.784 133.312 19.408-96.448 94.032L232.192 512H432V176H256z"
                    id="Shape"
                  />
                </svg>
                <span
                  class="evidence-tag__label"
                  title=""
                >
                  1 automatic annotation
                </span>
              </span>
              <div
                class="evidence-tag-content "
                data-testid="evidence-tag-content"
              >
                <div>
                  <h5>
                    Automatic assertion according to rules
                  </h5>
                  <div>
                    PROSITE-ProRule:PRU10028
                  </div>
                </div>
              </div>
            </section>
            <h4>
              Redox Potential
            </h4>
            <section
              class="text-block"
            >
              value1
              <span
                class="evidence-tag svg-colour-reviewed"
                data-testid="evidence-tag-trigger"
                role="button"
                tabindex="0"
              >
                <svg
                  height="12"
                  viewBox="0 0 426 512"
                  width="12"
                  xmlns="http://www.w3.org/2000/svg"
                >
                  <path
                    d="M432 144H288V0l144 144zM112.96 404.128l66.112 34.752-12.624-73.632 53.488-52.16L146 302.336l-33.056-66.976-33.072 66.976-73.92 10.752 53.504 52.16-12.64 73.632 66.144-34.752zM32 491.856V512h200.192L112.96 449.312 32 491.856zm114-189.52l-33.056-66.976-33.072 66.976L32 309.312v29.152l27.456 26.784-12.64 73.632 66.144-34.752 66.112 34.752-12.624-73.632 53.488-52.16L146 302.336zM256 176V0H32v268.88l21.312-3.104 59.648-120.784 59.6 120.784 133.312 19.408-96.448 94.032L232.192 512H432V176H256z"
                    id="Shape"
                  />
                </svg>
                <span
                  class="evidence-tag__label"
                  title=""
                >
                  1 automatic annotation
                </span>
              </span>
              <div
                class="evidence-tag-content "
                data-testid="evidence-tag-content"
              >
                <div>
                  <h5>
                    Automatic assertion according to rules
                  </h5>
                  <div>
                    PROSITE-ProRule:PRU10028
                  </div>
                </div>
              </div>
            </section>
            <h4>
              Temperature Dependence
            </h4>
            <section
              class="text-block"
            >
              value1
              <span
                class="evidence-tag svg-colour-reviewed"
                data-testid="evidence-tag-trigger"
                role="button"
                tabindex="0"
              >
                <svg
                  height="12"
                  viewBox="0 0 426 512"
                  width="12"
                  xmlns="http://www.w3.org/2000/svg"
                >
                  <path
                    d="M432 144H288V0l144 144zM112.96 404.128l66.112 34.752-12.624-73.632 53.488-52.16L146 302.336l-33.056-66.976-33.072 66.976-73.92 10.752 53.504 52.16-12.64 73.632 66.144-34.752zM32 491.856V512h200.192L112.96 449.312 32 491.856zm114-189.52l-33.056-66.976-33.072 66.976L32 309.312v29.152l27.456 26.784-12.64 73.632 66.144-34.752 66.112 34.752-12.624-73.632 53.488-52.16L146 302.336zM256 176V0H32v268.88l21.312-3.104 59.648-120.784 59.6 120.784 133.312 19.408-96.448 94.032L232.192 512H432V176H256z"
                    id="Shape"
                  />
                </svg>
                <span
                  class="evidence-tag__label"
                  title=""
                >
                  1 automatic annotation
                </span>
              </span>
              <div
                class="evidence-tag-content "
                data-testid="evidence-tag-content"
              >
                <div>
                  <h5>
                    Automatic assertion according to rules
                  </h5>
                  <div>
                    PROSITE-ProRule:PRU10028
                  </div>
                </div>
              </div>
            </section>
            <div
              class="GoRibbon"
            >
              <h4>
                GO Annotations
              </h4>
              <div
                class="GoRibbon__container"
              >
                <div
                  class="GoRibbon__container__message"
                >
                  Loading...
                </div>
              </div>
            </div>
          </div>
        </div>
      </div>
      <div
        id="Names & Taxonomy"
      >
        <div
          class="card "
        >
          <div
            class="card__header"
          >
            <h3
              class="card__title"
            >
              Names & Taxonomy
            </h3>
          </div>
          <div
            class="card__content"
          >
            <h4>
              Protein names
            </h4>
            <div
              class="info-list"
            >
              <div
                class="info-list__item"
              >
                <div
                  class="info-list__item__title"
                >
                  Recommended name
                </div>
                <div
                  class="info-list__item__content"
                >
                  rec full Name 
                  <span
                    class="evidence-tag svg-colour-reviewed"
                    data-testid="evidence-tag-trigger"
                    role="button"
                    tabindex="0"
                  >
                    <svg
                      height="12"
                      viewBox="0 0 426 512"
                      width="12"
                      xmlns="http://www.w3.org/2000/svg"
                    >
                      <path
                        d="M432 144H288V0l144 144zM112.96 404.128l66.112 34.752-12.624-73.632 53.488-52.16L146 302.336l-33.056-66.976-33.072 66.976-73.92 10.752 53.504 52.16-12.64 73.632 66.144-34.752zM32 491.856V512h200.192L112.96 449.312 32 491.856zm114-189.52l-33.056-66.976-33.072 66.976L32 309.312v29.152l27.456 26.784-12.64 73.632 66.144-34.752 66.112 34.752-12.624-73.632 53.488-52.16L146 302.336zM256 176V0H32v268.88l21.312-3.104 59.648-120.784 59.6 120.784 133.312 19.408-96.448 94.032L232.192 512H432V176H256z"
                        id="Shape"
                      />
                    </svg>
                    <span
                      class="evidence-tag__label"
                      title=""
                    >
                      1 automatic annotation
                    </span>
                  </span>
                  <div
                    class="evidence-tag-content "
                    data-testid="evidence-tag-content"
                  >
                    <div>
                      <h5>
                        Automatic assertion according to rules
                      </h5>
                      <div>
                        PROSITE-ProRule:PRU10026
                      </div>
                    </div>
                  </div>
                </div>
              </div>
              <div
                class="info-list__item"
              >
                <div
                  class="info-list__item__title"
                >
                  EC number
                </div>
                <div
                  class="info-list__item__content"
                >
                  1.2.3.4 
                  <span
                    class="evidence-tag svg-colour-reviewed"
                    data-testid="evidence-tag-trigger"
                    role="button"
                    tabindex="0"
                  >
                    <svg
                      height="12"
                      viewBox="0 0 426 512"
                      width="12"
                      xmlns="http://www.w3.org/2000/svg"
                    >
                      <path
                        d="M432 144H288V0l144 144zM112.96 404.128l66.112 34.752-12.624-73.632 53.488-52.16L146 302.336l-33.056-66.976-33.072 66.976-73.92 10.752 53.504 52.16-12.64 73.632 66.144-34.752zM32 491.856V512h200.192L112.96 449.312 32 491.856zm114-189.52l-33.056-66.976-33.072 66.976L32 309.312v29.152l27.456 26.784-12.64 73.632 66.144-34.752 66.112 34.752-12.624-73.632 53.488-52.16L146 302.336zM256 176V0H32v268.88l21.312-3.104 59.648-120.784 59.6 120.784 133.312 19.408-96.448 94.032L232.192 512H432V176H256z"
                        id="Shape"
                      />
                    </svg>
                    <span
                      class="evidence-tag__label"
                      title=""
                    >
                      1 automatic annotation
                    </span>
                  </span>
                  <div
                    class="evidence-tag-content "
                    data-testid="evidence-tag-content"
                  >
                    <div>
                      <h5>
                        Automatic assertion according to rules
                      </h5>
                      <div>
                        PROSITE-ProRule:PRU100210
                      </div>
                    </div>
                  </div>
                </div>
              </div>
              <div
                class="info-list__item"
              >
                <div
                  class="info-list__item__title"
                >
                  Short names
                </div>
                <div
                  class="info-list__item__content"
                >
                  recommended short name 
                  <span
                    class="evidence-tag svg-colour-reviewed"
                    data-testid="evidence-tag-trigger"
                    role="button"
                    tabindex="0"
                  >
                    <svg
                      height="12"
                      viewBox="0 0 426 512"
                      width="12"
                      xmlns="http://www.w3.org/2000/svg"
                    >
                      <path
                        d="M432 144H288V0l144 144zM112.96 404.128l66.112 34.752-12.624-73.632 53.488-52.16L146 302.336l-33.056-66.976-33.072 66.976-73.92 10.752 53.504 52.16-12.64 73.632 66.144-34.752zM32 491.856V512h200.192L112.96 449.312 32 491.856zm114-189.52l-33.056-66.976-33.072 66.976L32 309.312v29.152l27.456 26.784-12.64 73.632 66.144-34.752 66.112 34.752-12.624-73.632 53.488-52.16L146 302.336zM256 176V0H32v268.88l21.312-3.104 59.648-120.784 59.6 120.784 133.312 19.408-96.448 94.032L232.192 512H432V176H256z"
                        id="Shape"
                      />
                    </svg>
                    <span
                      class="evidence-tag__label"
                      title=""
                    >
                      1 automatic annotation
                    </span>
                  </span>
                  <div
                    class="evidence-tag-content "
                    data-testid="evidence-tag-content"
                  >
                    <div>
                      <h5>
                        Automatic assertion according to rules
                      </h5>
                      <div>
                        PROSITE-ProRule:PRU10020
                      </div>
                    </div>
                  </div>
                </div>
              </div>
              <div
                class="info-list__item"
              >
                <div
                  class="info-list__item__title"
                >
                  Alternative names
                </div>
                <div
                  class="info-list__item__content"
                >
                  <ul
                    class="no-bullet"
                  >
                    <li>
                      a full alt Name 
                      <span
                        class="evidence-tag svg-colour-reviewed"
                        data-testid="evidence-tag-trigger"
                        role="button"
                        tabindex="0"
                      >
                        <svg
                          height="12"
                          viewBox="0 0 426 512"
                          width="12"
                          xmlns="http://www.w3.org/2000/svg"
                        >
                          <path
                            d="M432 144H288V0l144 144zM112.96 404.128l66.112 34.752-12.624-73.632 53.488-52.16L146 302.336l-33.056-66.976-33.072 66.976-73.92 10.752 53.504 52.16-12.64 73.632 66.144-34.752zM32 491.856V512h200.192L112.96 449.312 32 491.856zm114-189.52l-33.056-66.976-33.072 66.976L32 309.312v29.152l27.456 26.784-12.64 73.632 66.144-34.752 66.112 34.752-12.624-73.632 53.488-52.16L146 302.336zM256 176V0H32v268.88l21.312-3.104 59.648-120.784 59.6 120.784 133.312 19.408-96.448 94.032L232.192 512H432V176H256z"
                            id="Shape"
                          />
                        </svg>
                        <span
                          class="evidence-tag__label"
                          title=""
                        >
                          1 automatic annotation
                        </span>
                      </span>
                      <div
                        class="evidence-tag-content "
                        data-testid="evidence-tag-content"
                      >
                        <div>
                          <h5>
                            Automatic assertion according to rules
                          </h5>
                          <div>
                            PROSITE-ProRule:PRU10022
                          </div>
                        </div>
                      </div>
                       (short alt name1 
                      <span
                        class="evidence-tag svg-colour-reviewed"
                        data-testid="evidence-tag-trigger"
                        role="button"
                        tabindex="0"
                      >
                        <svg
                          height="12"
                          viewBox="0 0 426 512"
                          width="12"
                          xmlns="http://www.w3.org/2000/svg"
                        >
                          <path
                            d="M432 144H288V0l144 144zM112.96 404.128l66.112 34.752-12.624-73.632 53.488-52.16L146 302.336l-33.056-66.976-33.072 66.976-73.92 10.752 53.504 52.16-12.64 73.632 66.144-34.752zM32 491.856V512h200.192L112.96 449.312 32 491.856zm114-189.52l-33.056-66.976-33.072 66.976L32 309.312v29.152l27.456 26.784-12.64 73.632 66.144-34.752 66.112 34.752-12.624-73.632 53.488-52.16L146 302.336zM256 176V0H32v268.88l21.312-3.104 59.648-120.784 59.6 120.784 133.312 19.408-96.448 94.032L232.192 512H432V176H256z"
                            id="Shape"
                          />
                        </svg>
                        <span
                          class="evidence-tag__label"
                          title=""
                        >
                          1 automatic annotation
                        </span>
                      </span>
                      <div
                        class="evidence-tag-content "
                        data-testid="evidence-tag-content"
                      >
                        <div>
                          <h5>
                            Automatic assertion according to rules
                          </h5>
                          <div>
                            PROSITE-ProRule:PRU10028
                          </div>
                        </div>
                      </div>
                      ) 
                    </li>
                  </ul>
                </div>
              </div>
              <div
                class="info-list__item"
              >
                <div
                  class="info-list__item__title"
                >
                  Cleaved into 1 chains
                </div>
                <div
                  class="info-list__item__content"
                >
                  <ul
                    class="no-bullet"
                  >
                    <li>
                      containsrec full Name (containsrecommended short name)  
                      <strong>
                        Alternative names: 
                      </strong>
                      containsa full alt Name (containsshort alt name1) 
                    </li>
                  </ul>
                </div>
              </div>
              <div
                class="info-list__item"
              >
                <div
                  class="info-list__item__title"
                >
                  Submission names
                </div>
                <div
                  class="info-list__item__content"
                >
                  <ul
                    class="no-bullet"
                  >
                    <li>
                      sub full Name 
                      <span
                        class="evidence-tag svg-colour-reviewed"
                        data-testid="evidence-tag-trigger"
                        role="button"
                        tabindex="0"
                      >
                        <svg
                          height="12"
                          viewBox="0 0 426 512"
                          width="12"
                          xmlns="http://www.w3.org/2000/svg"
                        >
                          <path
                            d="M432 144H288V0l144 144zM112.96 404.128l66.112 34.752-12.624-73.632 53.488-52.16L146 302.336l-33.056-66.976-33.072 66.976-73.92 10.752 53.504 52.16-12.64 73.632 66.144-34.752zM32 491.856V512h200.192L112.96 449.312 32 491.856zm114-189.52l-33.056-66.976-33.072 66.976L32 309.312v29.152l27.456 26.784-12.64 73.632 66.144-34.752 66.112 34.752-12.624-73.632 53.488-52.16L146 302.336zM256 176V0H32v268.88l21.312-3.104 59.648-120.784 59.6 120.784 133.312 19.408-96.448 94.032L232.192 512H432V176H256z"
                            id="Shape"
                          />
                        </svg>
                        <span
                          class="evidence-tag__label"
                          title=""
                        >
                          1 automatic annotation
                        </span>
                      </span>
                      <div
                        class="evidence-tag-content "
                        data-testid="evidence-tag-content"
                      >
                        <div>
                          <h5>
                            Automatic assertion according to rules
                          </h5>
                          <div>
                            PROSITE-ProRule:PRU10027
                          </div>
                        </div>
                      </div>
                    </li>
                  </ul>
                </div>
              </div>
              <div
                class="info-list__item"
              >
                <div
                  class="info-list__item__title"
                >
                  Biotech name
                </div>
                <div
                  class="info-list__item__content"
                >
                  biotech 
                  <span
                    class="evidence-tag svg-colour-reviewed"
                    data-testid="evidence-tag-trigger"
                    role="button"
                    tabindex="0"
                  >
                    <svg
                      height="12"
                      viewBox="0 0 426 512"
                      width="12"
                      xmlns="http://www.w3.org/2000/svg"
                    >
                      <path
                        d="M432 144H288V0l144 144zM112.96 404.128l66.112 34.752-12.624-73.632 53.488-52.16L146 302.336l-33.056-66.976-33.072 66.976-73.92 10.752 53.504 52.16-12.64 73.632 66.144-34.752zM32 491.856V512h200.192L112.96 449.312 32 491.856zm114-189.52l-33.056-66.976-33.072 66.976L32 309.312v29.152l27.456 26.784-12.64 73.632 66.144-34.752 66.112 34.752-12.624-73.632 53.488-52.16L146 302.336zM256 176V0H32v268.88l21.312-3.104 59.648-120.784 59.6 120.784 133.312 19.408-96.448 94.032L232.192 512H432V176H256z"
                        id="Shape"
                      />
                    </svg>
                    <span
                      class="evidence-tag__label"
                      title=""
                    >
                      1 automatic annotation
                    </span>
                  </span>
                  <div
                    class="evidence-tag-content "
                    data-testid="evidence-tag-content"
                  >
                    <div>
                      <h5>
                        Automatic assertion according to rules
                      </h5>
                      <div>
                        PROSITE-ProRule:PRU10024
                      </div>
                    </div>
                  </div>
                </div>
              </div>
              <div
                class="info-list__item"
              >
                <div
                  class="info-list__item__title"
                >
                  CD Antigen Name
                </div>
                <div
                  class="info-list__item__content"
                >
                  undefined 
                </div>
              </div>
              <div
                class="info-list__item"
              >
                <div
                  class="info-list__item__title"
                >
                  INN Name
                </div>
                <div
                  class="info-list__item__content"
                >
                  undefined 
                </div>
              </div>
            </div>
            <h4>
              Gene names
            </h4>
            <div
              class="info-list"
            >
              <div
                class="info-list__item"
              >
                <div
                  class="info-list__item__title"
                >
                  Name
                </div>
                <div
                  class="info-list__item__content"
                >
                  some Gene
                </div>
              </div>
              <div
                class="info-list__item"
              >
                <div
                  class="info-list__item__title"
                >
                  Synonyms
                </div>
                <div
                  class="info-list__item__content"
                >
                  some Syn
                </div>
              </div>
              <div
                class="info-list__item"
              >
                <div
                  class="info-list__item__title"
                >
                  ORF names
                </div>
                <div
                  class="info-list__item__content"
                >
                  some orf
                </div>
              </div>
              <div
                class="info-list__item"
              >
                <div
                  class="info-list__item__title"
                >
                  Ordered locus names
                </div>
                <div
                  class="info-list__item__content"
                >
                  some locus
                </div>
              </div>
            </div>
            <h4>
              Organism names
            </h4>
            <div
              class="info-list"
            >
              <div
                class="info-list__item"
              >
                <div
                  class="info-list__item__title"
                >
                  Organism
                </div>
                <div
                  class="info-list__item__content"
                >
                  <a
                    href="/taxonomy/9606"
                  >
                    scientific name (common name)
                  </a>
                </div>
              </div>
              <div
                class="info-list__item"
              >
                <div
                  class="info-list__item__title"
                >
                  Taxonomic identifier
                </div>
                <div
                  class="info-list__item__content"
                >
                  <a
                    href="/uniprotkb/taxonomy/9606"
                  >
                    9606 
                  </a>
                  <a
                    class="external-link"
                    href="https://www.ncbi.nlm.nih.gov/Taxonomy/Browser/wwwtax.cgi?lvl=0&id=9606"
                    target="_blank"
                  >
                    NCBI
                    <svg
                      viewBox="0 0 576 512"
                      width="12.5"
                      xmlns="http://www.w3.org/2000/svg"
                    >
                      <path
                        d="M576 24v127.984c0 21.461-25.96 31.98-40.971 16.971l-35.707-35.709-243.523 243.523c-9.373 9.373-24.568 9.373-33.941 0l-22.627-22.627c-9.373-9.373-9.373-24.569 0-33.941L442.756 76.676l-35.703-35.705C391.982 25.9 402.656 0 424.024 0H552c13.255 0 24 10.745 24 24zM407.029 270.794l-16 16A23.999 23.999 0 0 0 384 303.765V448H64V128h264a24.003 24.003 0 0 0 16.97-7.029l16-16C376.089 89.851 365.381 64 344 64H48C21.49 64 0 85.49 0 112v352c0 26.51 21.49 48 48 48h352c26.51 0 48-21.49 48-48V287.764c0-21.382-25.852-32.09-40.971-16.97z"
                      />
                    </svg>
                  </a>
                </div>
              </div>
              <div
                class="info-list__item"
              >
                <div
                  class="info-list__item__title"
                >
                  Taxonomic lineage
                </div>
                <div
                  class="info-list__item__content"
                >
                  lineage 1
                </div>
              </div>
              <div
                class="info-list__item"
              >
                <div
                  class="info-list__item__title"
                >
                  Virus hosts
                </div>
                <div
                  class="info-list__item__content"
                >
                  <p>
                    <a
                      href="/taxonomy/9606"
                    >
                      scientific name (common name)  (synonyms 1)
                    </a>
                  </p>
                </div>
              </div>
            </div>
            <h4>
              Proteome
            </h4>
          </div>
        </div>
      </div>
      <div
        id="Subcellular Location"
      >
        <div
          class="card "
        >
          <div
            class="card__header"
          >
            <h3
              class="card__title"
            >
              Subcellular Location
            </h3>
          </div>
          <div
            class="card__content"
          >
            <section
              class="text-block"
            >
              <h4>
                molecule value
              </h4>
              <div>
                <strong>
                  location value
                </strong>
                 
                <span
                  class="evidence-tag svg-colour-unreviewed"
                  data-testid="evidence-tag-trigger"
                  role="button"
                  tabindex="0"
                >
                  <svg
                    height="12"
                    viewBox="0 0 400 512"
                    width="12"
                    xmlns="http://www.w3.org/2000/svg"
                  >
                    <path
                      d="M400 144H256V0l144 144zm-176 32V0H0v512h400V176H224z"
                      id="Shape"
                    />
                  </svg>
                  <span
                    class="evidence-tag__label"
                    title=""
                  >
                    1 automatic annotation
                  </span>
                </span>
                <div
                  class="evidence-tag-content "
                  data-testid="evidence-tag-content"
                >
                  <div>
                    <h5>
                      Automatic assertion according to rules
                    </h5>
                    <div>
                      PIRNR:PIRNR001361
                    </div>
                  </div>
                </div>
                : topology value 
                <span
                  class="evidence-tag svg-colour-unreviewed"
                  data-testid="evidence-tag-trigger"
                  role="button"
                  tabindex="0"
                >
                  <svg
                    height="12"
                    viewBox="0 0 400 512"
                    width="12"
                    xmlns="http://www.w3.org/2000/svg"
                  >
                    <path
                      d="M400 144H256V0l144 144zm-176 32V0H0v512h400V176H224z"
                      id="Shape"
                    />
                  </svg>
                  <span
                    class="evidence-tag__label"
                    title=""
                  >
                    1 automatic annotation
                  </span>
                </span>
                <div
                  class="evidence-tag-content "
                  data-testid="evidence-tag-content"
                >
                  <div>
                    <h5>
                      Automatic assertion according to rules
                    </h5>
                    <div>
                      PIRNR:PIRNR001361
                    </div>
                  </div>
                </div>
              </div>
              <section
                class="text-block"
              >
                value
                <span
                  class="evidence-tag svg-colour-unreviewed"
                  data-testid="evidence-tag-trigger"
                  role="button"
                  tabindex="0"
                >
                  <svg
                    height="12"
                    viewBox="0 0 400 512"
                    width="12"
                    xmlns="http://www.w3.org/2000/svg"
                  >
                    <path
                      d="M400 144H256V0l144 144zm-176 32V0H0v512h400V176H224z"
                      id="Shape"
                    />
                  </svg>
                  <span
                    class="evidence-tag__label"
                    title=""
                  >
                    1 automatic annotation
                  </span>
                </span>
                <div
                  class="evidence-tag-content "
                  data-testid="evidence-tag-content"
                >
                  <div>
                    <h5>
                      Automatic assertion according to rules
                    </h5>
                    <div>
                      PIRNR:PIRNR001361
                    </div>
                  </div>
                </div>
              </section>
            </section>
          </div>
        </div>
      </div>
      <div
        id="Pathology & BioTech"
      >
        <div
          class="card "
        >
          <div
            class="card__header"
          >
            <h3
              class="card__title"
            >
              Pathology & BioTech
            </h3>
          </div>
          <div
            class="card__content"
          >
            <h3>
              Involvement in disease
            </h3>
            <h4>
              Disease Id (someAcron)
            </h4>
            <span
              class="text-block"
            >
              <span
                class="evidence-tag svg-colour-unreviewed"
                data-testid="evidence-tag-trigger"
                role="button"
                tabindex="0"
              >
                <svg
                  height="12"
                  viewBox="0 0 400 512"
                  width="12"
                  xmlns="http://www.w3.org/2000/svg"
                >
                  <path
                    d="M400 144H256V0l144 144zm-176 32V0H0v512h400V176H224z"
                    id="Shape"
                  />
                </svg>
                <span
                  class="evidence-tag__label"
                  title=""
                >
                  1 automatic annotation
                </span>
              </span>
              <div
                class="evidence-tag-content "
                data-testid="evidence-tag-content"
              >
                <div>
                  <h5>
                    Automatic assertion according to rules
                  </h5>
                  <div>
                    PIRNR:PIRNR001362
                  </div>
                </div>
              </div>
            </span>
            <div
              class="info-list"
            >
              <div
                class="info-list__item"
              >
                <div
                  class="info-list__item__title"
                >
                  Note
                </div>
                <div
                  class="info-list__item__content"
                >
                  <ul
                    class="no-bullet"
                  >
                    <li>
                      value2
                    </li>
                  </ul>
                </div>
              </div>
              <div
                class="info-list__item"
              >
                <div
                  class="info-list__item__title"
                >
                  Description
                </div>
                <div
                  class="info-list__item__content"
                >
                  some description
                </div>
              </div>
              <div
                class="info-list__item"
              >
                <div
                  class="info-list__item__title"
                >
                  See also
                </div>
                <div
                  class="info-list__item__content"
                >
                  <a
                    class="external-link"
                    href="http://www.omim.org/entry/3124"
                    target="_blank"
                  >
                    MIM:3124
                    <svg
                      viewBox="0 0 576 512"
                      width="12.5"
                      xmlns="http://www.w3.org/2000/svg"
                    >
                      <path
                        d="M576 24v127.984c0 21.461-25.96 31.98-40.971 16.971l-35.707-35.709-243.523 243.523c-9.373 9.373-24.568 9.373-33.941 0l-22.627-22.627c-9.373-9.373-9.373-24.569 0-33.941L442.756 76.676l-35.703-35.705C391.982 25.9 402.656 0 424.024 0H552c13.255 0 24 10.745 24 24zM407.029 270.794l-16 16A23.999 23.999 0 0 0 384 303.765V448H64V128h264a24.003 24.003 0 0 0 16.97-7.029l16-16C376.089 89.851 365.381 64 344 64H48C21.49 64 0 85.49 0 112v352c0 26.51 21.49 48 48 48h352c26.51 0 48-21.49 48-48V287.764c0-21.382-25.852-32.09-40.971-16.97z"
                      />
                    </svg>
                  </a>
                </div>
              </div>
            </div>
            <h4
              style="text-transform: capitalize;"
            >
              disruption phenotype
            </h4>
            <section
              class="text-block"
            >
              value
              <span
                class="evidence-tag svg-colour-unreviewed"
                data-testid="evidence-tag-trigger"
                role="button"
                tabindex="0"
              >
                <svg
                  height="12"
                  viewBox="0 0 400 512"
                  width="12"
                  xmlns="http://www.w3.org/2000/svg"
                >
                  <path
                    d="M400 144H256V0l144 144zm-176 32V0H0v512h400V176H224z"
                    id="Shape"
                  />
                </svg>
                <span
                  class="evidence-tag__label"
                  title=""
                >
                  1 automatic annotation
                </span>
              </span>
              <div
                class="evidence-tag-content "
                data-testid="evidence-tag-content"
              >
                <div>
                  <h5>
                    Automatic assertion according to rules
                  </h5>
                  <div>
                    PIRNR:PIRNR001360
                  </div>
                </div>
              </div>
            </section>
            <div>
              <h4>
                Variants
              </h4>
              <protvista-manager
                attributes="highlight displaystart displayend activefilters filters"
              >
                <div
                  class="variation-view"
                >
                  <protvista-navigation
                    length="10"
                  />
                  <protvista-sequence
                    height="20"
                    length="10"
                    sequence="[object Object]"
                  />
                  <protvista-filter />
                  <protvista-variation
                    length="10"
                  >
                    <protvista-variation-adapter />
                  </protvista-variation>
                </div>
                <protvista-datatable />
                <div
                  class="evidence-tag-content false"
                />
              </protvista-manager>
            </div>
          </div>
        </div>
      </div>
      <div
        id="Protein Processing"
      >
        <div
          class="card "
        >
          <div
            class="card__header"
          >
            <h3
              class="card__title"
            >
              Protein Processing
            </h3>
          </div>
          <div
            class="card__content"
          >
            <h4>
              Features
            </h4>
            <protvista-manager
              attributes="highlight displaystart displayend"
            >
              <protvista-navigation
                length="10"
              />
              <protvista-track
                layout="non-overlapping"
                length="10"
              />
              <protvista-sequence
                height="20"
                length="10"
                sequence="SAPSQDFMRF"
              />
              <protvista-datatable />
              <div
                class="evidence-tag-content false"
              />
            </protvista-manager>
          </div>
        </div>
      </div>
      <div
        id="Interaction"
      >
        <div
          class="card "
        >
          <div
            class="card__header"
          >
            <h3
              class="card__title"
            >
              Interaction
            </h3>
          </div>
          <div
            class="card__content"
          >
            <interaction-viewer
              accession="P21802"
            />
            <protvista-datatable />
          </div>
        </div>
      </div>
      <div
        id="Family & Domains"
      >
        <div
          class="card "
        >
          <div
            class="card__header"
          >
            <h3
              class="card__title"
            >
              Family & Domains
            </h3>
          </div>
          <div
            class="card__content"
          >
            <h4>
              Keywords
            </h4>
            <div
              class="info-list"
            >
              <div
                class="info-list__item"
              >
                <div
                  class="info-list__item__title"
                >
                  Domain
                </div>
                <div
                  class="info-list__item__content"
                >
                  <a
                    href="/keywords/KW-11111"
                  >
                     #keyword value
                  </a>
                </div>
              </div>
            </div>
          </div>
        </div>
      </div>
      <div
        id="Sequence"
      >
        <div
          class="card "
        >
          <div
            class="card__header"
          >
            <h3
              class="card__title"
            >
              Sequence
            </h3>
          </div>
          <div
            class="card__content"
          >
            <div
              class="info-list"
            >
              <div
                class="info-list__item"
              >
                <div
                  class="info-list__item__title"
                >
                  Sequence status
                </div>
                <div
                  class="info-list__item__content"
                >
                  Fragment
                </div>
              </div>
            </div>
            <p>
              This entry describes 
              <strong>
                1
              </strong>
               isoforms produced by 
              <strong>
                Alternative initiation
              </strong>
              .
            </p>
            <p>
              value1
            </p>
            <hr />
            <h4
              id="isoID1"
            >
              isoID1
            </h4>
            <div
              class="info-list"
            >
              <div
                class="info-list__item"
              >
                <div
                  class="info-list__item__title"
                >
                  Name
                </div>
                <div
                  class="info-list__item__content"
                >
                  name
                </div>
              </div>
              <div
                class="info-list__item"
              >
                <div
                  class="info-list__item__title"
                >
                  Synonyms
                </div>
                <div
                  class="info-list__item__content"
                >
                  syn value
                </div>
              </div>
              <div
                class="info-list__item"
              >
                <div
                  class="info-list__item__title"
                >
                  Note
                </div>
                <div
                  class="info-list__item__content"
                >
                  value1
                </div>
              </div>
            </div>
            <button
              class="button secondary"
              type="button"
            >
              Load sequence
            </button>
            <h4>
              Sequence caution
            </h4>
            <section
              class="text-block"
            >
              The sequence 
              <a
                class="external-link"
                href="//www.ebi.ac.uk/ena/data/view/sequence"
                target="_blank"
              >
                sequence
                <svg
                  viewBox="0 0 576 512"
                  width="12.5"
                  xmlns="http://www.w3.org/2000/svg"
                >
                  <path
                    d="M576 24v127.984c0 21.461-25.96 31.98-40.971 16.971l-35.707-35.709-243.523 243.523c-9.373 9.373-24.568 9.373-33.941 0l-22.627-22.627c-9.373-9.373-9.373-24.569 0-33.941L442.756 76.676l-35.703-35.705C391.982 25.9 402.656 0 424.024 0H552c13.255 0 24 10.745 24 24zM407.029 270.794l-16 16A23.999 23.999 0 0 0 384 303.765V448H64V128h264a24.003 24.003 0 0 0 16.97-7.029l16-16C376.089 89.851 365.381 64 344 64H48C21.49 64 0 85.49 0 112v352c0 26.51 21.49 48 48 48h352c26.51 0 48-21.49 48-48V287.764c0-21.382-25.852-32.09-40.971-16.97z"
                  />
                </svg>
              </a>
               differs from that shown. Reason: Erroneous initiation Text note
              <span
                class="evidence-tag svg-colour-unreviewed"
                data-testid="evidence-tag-trigger"
                role="button"
                tabindex="0"
              >
                <svg
                  height="12"
                  viewBox="0 0 400 512"
                  width="12"
                  xmlns="http://www.w3.org/2000/svg"
                >
                  <path
                    d="M400 144H256V0l144 144zm-176 32V0H0v512h400V176H224z"
                    id="Shape"
                  />
                </svg>
                <span
                  class="evidence-tag__label"
                  title=""
                >
                  1 automatic annotation
                </span>
              </span>
              <div
                class="evidence-tag-content "
                data-testid="evidence-tag-content"
              >
                <div>
                  <h5>
                    Automatic assertion according to rules
                  </h5>
                  <div>
                    PIRNR:PIRNR001361
                  </div>
                </div>
              </div>
            </section>
            <h4>
              Mass Spectrometry
            </h4>
            <section
              class="text-block"
            >
              Molecular mass is 2.1 Da from positions 
              <span>
                1-7
              </span>
              . Determined by LSI. note value 
              <span
                class="evidence-tag svg-colour-unreviewed"
                data-testid="evidence-tag-trigger"
                role="button"
                tabindex="0"
              >
                <svg
                  height="12"
                  viewBox="0 0 400 512"
                  width="12"
                  xmlns="http://www.w3.org/2000/svg"
                >
                  <path
                    d="M400 144H256V0l144 144zm-176 32V0H0v512h400V176H224z"
                    id="Shape"
                  />
                </svg>
                <span
                  class="evidence-tag__label"
                  title=""
                >
                  1 automatic annotation
                </span>
              </span>
              <div
                class="evidence-tag-content "
                data-testid="evidence-tag-content"
              >
                <div>
                  <h5>
                    Automatic assertion according to rules
                  </h5>
                  <div>
                    PIRNR:PIRNR001361
                  </div>
                </div>
              </div>
            </section>
            <h4>
              RNA Editing
            </h4>
            <section
              class="text-block"
            >
              <div>
                Edited at positions 
                <span>
                  rna position 
                  <span
                    class="evidence-tag svg-colour-unreviewed"
                    data-testid="evidence-tag-trigger"
                    role="button"
                    tabindex="0"
                  >
                    <svg
                      height="12"
                      viewBox="0 0 400 512"
                      width="12"
                      xmlns="http://www.w3.org/2000/svg"
                    >
                      <path
                        d="M400 144H256V0l144 144zm-176 32V0H0v512h400V176H224z"
                        id="Shape"
                      />
                    </svg>
                    <span
                      class="evidence-tag__label"
                      title=""
                    >
                      1 automatic annotation
                    </span>
                  </span>
                  <div
                    class="evidence-tag-content "
                    data-testid="evidence-tag-content"
                  >
                    <div>
                      <h5>
                        Automatic assertion according to rules
                      </h5>
                      <div>
                        PIRNR:PIRNR001361
                      </div>
                    </div>
                  </div>
                </span>
              </div>
              <div>
                <span>
                  value 
                  <span
                    class="evidence-tag svg-colour-unreviewed"
                    data-testid="evidence-tag-trigger"
                    role="button"
                    tabindex="0"
                  >
                    <svg
                      height="12"
                      viewBox="0 0 400 512"
                      width="12"
                      xmlns="http://www.w3.org/2000/svg"
                    >
                      <path
                        d="M400 144H256V0l144 144zm-176 32V0H0v512h400V176H224z"
                        id="Shape"
                      />
                    </svg>
                    <span
                      class="evidence-tag__label"
                      title=""
                    >
                      1 automatic annotation
                    </span>
                  </span>
                  <div
                    class="evidence-tag-content "
                    data-testid="evidence-tag-content"
                  >
                    <div>
                      <h5>
                        Automatic assertion according to rules
                      </h5>
                      <div>
                        PIRNR:PIRNR001361
                      </div>
                    </div>
                  </div>
                </span>
              </div>
            </section>
            <h4>
              Genome annotation databases
            </h4>
            <div
              class="info-list info-list--columns"
            >
              <div
                class="info-list__item"
              >
                <div
                  class="info-list__item__title"
                >
                  Ensembl
                </div>
                <div
                  class="info-list__item__content"
                >
                  <ul
                    class="no-bullet"
                  >
                    <li>
                      <a
                        class="external-link"
                        href="https://www.ensembl.org/id/id value"
                        target="_blank"
                      >
                        id value
                        <svg
                          viewBox="0 0 576 512"
                          width="12.5"
                          xmlns="http://www.w3.org/2000/svg"
                        >
                          <path
                            d="M576 24v127.984c0 21.461-25.96 31.98-40.971 16.971l-35.707-35.709-243.523 243.523c-9.373 9.373-24.568 9.373-33.941 0l-22.627-22.627c-9.373-9.373-9.373-24.569 0-33.941L442.756 76.676l-35.703-35.705C391.982 25.9 402.656 0 424.024 0H552c13.255 0 24 10.745 24 24zM407.029 270.794l-16 16A23.999 23.999 0 0 0 384 303.765V448H64V128h264a24.003 24.003 0 0 0 16.97-7.029l16-16C376.089 89.851 365.381 64 344 64H48C21.49 64 0 85.49 0 112v352c0 26.51 21.49 48 48 48h352c26.51 0 48-21.49 48-48V287.764c0-21.382-25.852-32.09-40.971-16.97z"
                          />
                        </svg>
                      </a>
                       description value 
                      <a
                        href="#Q9NXB0-1"
                      >
                        [Q9NXB0-1]
                      </a>
                    </li>
                  </ul>
                </div>
              </div>
            </div>
          </div>
        </div>
      </div>
    </section>
  </section>
</DocumentFragment>
`;
