// Jest Snapshot v1, https://goo.gl/fbAQLP

exports[`ErrorComponent should render 1`] = `
<DocumentFragment>
  <div
    class="error-component"
  >
    <h5>
      An unexpected issue occured
    </h5>
    <p>
      You can try to reload the page, use the rest of this page, or go back to the previous page.
    </p>
    <p>
      If the error persists, please 
      <a
        href="https://goo.gl/forms/VrAGbqg2XFg6Mpbh1"
        rel="noopener noreferrer"
        target="_blank"
      >
        report this bug here
      </a>
      .
    </p>
  </div>
</DocumentFragment>
`;
