// Jest Snapshot v1, https://goo.gl/fbAQLP

exports[`Enum field should render an enum field 1`] = `
"<div className=\\"advanced-search__inputs\\">
  <label htmlFor=\\"select_existence\\">
    Protein Existence [PE]
    <select onChange={[Function: onChange]} id=\\"select_existence\\">
      <option value=\\"1\\">
        Evidence at protein level
      </option>
      <option value=\\"2\\">
        Evidence at transcript level
      </option>
    </select>
  </label>
</div>"
`;
