// Jest Snapshot v1, https://goo.gl/fbAQLP

exports[`XRef should render for Expression section 1`] = `"<Fragment />"`;

exports[`XRef should render for FamilyAndDomains section 1`] = `"<Fragment />"`;

exports[`XRef should render for Function section 1`] = `"<Fragment />"`;

exports[`XRef should render for Interaction section 1`] = `"<Fragment />"`;

exports[`XRef should render for Miscellaneous section 1`] = `"<Fragment />"`;

exports[`XRef should render for NamesAndTaxonomy section 1`] = `"<Fragment />"`;

exports[`XRef should render for PathologyOrBioTech section 1`] = `"<Fragment />"`;

exports[`XRef should render for ProteinProcessing section 1`] = `"<Fragment />"`;

exports[`XRef should render for Sequence section 1`] = `
"<Fragment>
  <XRefCategoryTable databaseCategory=\\"GENOME\\" databases={{...}} xRefData={{...}} accession=\\"P21802\\" />
</Fragment>"
`;

exports[`XRef should render for Structure section 1`] = `"<Fragment />"`;

exports[`XRef should render for SubCellularLocation section 1`] = `"<Fragment />"`;

exports[`XRefCategoryTable should render for database category GENOME and Ensembl 1`] = `
"<div>
  <hr />
  <h4>
    Genome annotation databases
  </h4>
  <XRefList database=\\"Ensembl\\" xRefData={{...}} accession=\\"P21802\\" />
</div>"
`;

exports[`XRefItem should render 1`] = `
"<Fragment>
  <Nr url=\\"https://www.ensembl.org/id/id value\\" newTab={true}>
    id value
  </Nr>
  description value
</Fragment>"
`;

exports[`XRefList should render for database Ensembl 1`] = `"<Component infoData={{...}} />"`;
